\BOOKMARK [0][-]{chapter*.1}{\376\377\000A\000b\000s\000t\000r\000a\000c\000t}{}% 1
\BOOKMARK [0][-]{chapter*.6}{\376\377\000L\000i\000s\000t\000\040\000o\000f\000\040\000E\000q\000u\000a\000t\000i\000o\000n\000s}{}% 2
\BOOKMARK [0][-]{chapter*.7}{\376\377\000P\000r\000i\000n\000c\000i\000p\000a\000l\000\040\000S\000y\000m\000b\000o\000l\000s}{}% 3
\BOOKMARK [0][-]{chapter.1}{\376\377\000I\000n\000t\000r\000o\000d\000u\000c\000t\000i\000o\000n\000\040\000a\000n\000d\000\040\000R\000e\000s\000e\000a\000r\000c\000h\000\040\000P\000u\000r\000p\000o\000s\000e}{}% 4
\BOOKMARK [1][-]{section.1.1}{\376\377\000B\000a\000c\000k\000g\000r\000o\000u\000n\000d\000\040\000a\000n\000d\000\040\000r\000a\000t\000i\000o\000n\000a\000l\000e}{chapter.1}% 5
\BOOKMARK [2][-]{subsection.1.1.1}{\376\377\000W\000a\000s\000t\000e\000w\000a\000t\000e\000r\000\040\000t\000r\000e\000a\000t\000m\000e\000n\000t\000\040\000a\000s\000\040\000a\000n\000\040\000e\000n\000g\000i\000n\000e\000e\000r\000i\000n\000g\000\040\000n\000e\000e\000d}{section.1.1}% 6
\BOOKMARK [2][-]{subsection.1.1.2}{\376\377\000F\000r\000o\000m\000\040\000p\000r\000o\000c\000e\000s\000s\000\040\000m\000o\000d\000e\000l\000i\000n\000g\000\040\000t\000o\000\040\000r\000e\000p\000e\000a\000t\000e\000d\000\040\000o\000p\000e\000r\000a\000t\000i\000n\000g\000\040\000c\000a\000l\000c\000u\000l\000a\000t\000i\000o\000n\000s}{section.1.1}% 7
\BOOKMARK [2][-]{subsection.1.1.3}{\376\377\000W\000h\000y\000\040\000a\000c\000c\000u\000r\000a\000t\000e\000\040\000p\000r\000e\000d\000i\000c\000t\000i\000o\000n\000\040\000i\000s\000\040\000i\000n\000s\000u\000f\000f\000i\000c\000i\000e\000n\000t}{section.1.1}% 8
\BOOKMARK [2][-]{subsection.1.1.4}{\376\377\000R\000a\000t\000i\000o\000n\000a\000l\000e\000\040\000f\000o\000r\000\040\000t\000h\000e\000\040\000r\000e\000s\000e\000a\000r\000c\000h}{section.1.1}% 9
\BOOKMARK [1][-]{section.1.2}{\376\377\000S\000t\000a\000t\000e\000m\000e\000n\000t\000\040\000o\000f\000\040\000t\000h\000e\000\040\000p\000r\000o\000b\000l\000e\000m}{chapter.1}% 10
\BOOKMARK [2][-]{subsection.1.2.1}{\376\377\000U\000n\000c\000e\000r\000t\000a\000i\000n\000\040\000a\000g\000r\000e\000e\000m\000e\000n\000t\000\040\000w\000i\000t\000h\000\040\000t\000h\000e\000\040\000c\000o\000m\000p\000l\000e\000t\000e\000\040\000c\000o\000m\000p\000o\000n\000e\000n\000t\000\040\000r\000e\000s\000p\000o\000n\000s\000e}{section.1.2}% 11
\BOOKMARK [2][-]{subsection.1.2.2}{\376\377\000M\000a\000s\000s\000\040\000c\000o\000n\000s\000e\000r\000v\000a\000t\000i\000o\000n\000\040\000a\000n\000d\000\040\000n\000o\000n\000-\000n\000e\000g\000a\000t\000i\000v\000i\000t\000y\000\040\000a\000r\000e\000\040\000n\000o\000t\000\040\000e\000s\000t\000a\000b\000l\000i\000s\000h\000e\000d\000\040\000b\000y\000\040\000t\000r\000a\000i\000n\000i\000n\000g\000\040\000a\000l\000o\000n\000e}{section.1.2}% 12
\BOOKMARK [2][-]{subsection.1.2.3}{\376\377\000A\000\040\000v\000i\000s\000i\000b\000l\000e\000\040\000r\000e\000g\000r\000e\000s\000s\000i\000o\000n\000\040\000s\000t\000r\000u\000c\000t\000u\000r\000e\000\040\000c\000a\000n\000\040\000s\000t\000i\000l\000l\000\040\000b\000e\000\040\000d\000i\000f\000f\000i\000c\000u\000l\000t\000\040\000t\000o\000\040\000i\000n\000t\000e\000r\000p\000r\000e\000t}{section.1.2}% 13
\BOOKMARK [2][-]{subsection.1.2.4}{\376\377\000U\000n\000i\000t\000\040\000p\000r\000e\000d\000i\000c\000t\000i\000o\000n\000s\000\040\000d\000o\000\040\000n\000o\000t\000\040\000e\000s\000t\000a\000b\000l\000i\000s\000h\000\040\000t\000h\000e\000\040\000q\000u\000a\000l\000i\000t\000y\000\040\000o\000f\000\040\000p\000l\000a\000n\000t\000\040\000d\000e\000c\000i\000s\000i\000o\000n\000s}{section.1.2}% 14
\BOOKMARK [1][-]{section.1.3}{\376\377\000R\000e\000s\000e\000a\000r\000c\000h\000\040\000q\000u\000e\000s\000t\000i\000o\000n\000s\000\040\000a\000n\000d\000\040\000o\000b\000j\000e\000c\000t\000i\000v\000e\000s}{chapter.1}% 15
\BOOKMARK [1][-]{section.1.4}{\376\377\000S\000i\000g\000n\000i\000f\000i\000c\000a\000n\000c\000e\000\040\000o\000f\000\040\000t\000h\000e\000\040\000s\000t\000u\000d\000y}{chapter.1}% 16
\BOOKMARK [2][-]{subsection.1.4.1}{\376\377\000S\000c\000i\000e\000n\000t\000i\000f\000i\000c\000\040\000s\000i\000g\000n\000i\000f\000i\000c\000a\000n\000c\000e}{section.1.4}% 17
\BOOKMARK [2][-]{subsection.1.4.2}{\376\377\000M\000e\000t\000h\000o\000d\000o\000l\000o\000g\000i\000c\000a\000l\000\040\000s\000i\000g\000n\000i\000f\000i\000c\000a\000n\000c\000e}{section.1.4}% 18
\BOOKMARK [2][-]{subsection.1.4.3}{\376\377\000E\000n\000g\000i\000n\000e\000e\000r\000i\000n\000g\000\040\000a\000n\000d\000\040\000p\000r\000a\000c\000t\000i\000c\000a\000l\000\040\000s\000i\000g\000n\000i\000f\000i\000c\000a\000n\000c\000e}{section.1.4}% 19
\BOOKMARK [2][-]{subsection.1.4.4}{\376\377\000S\000i\000g\000n\000i\000f\000i\000c\000a\000n\000c\000e\000\040\000f\000o\000r\000\040\000f\000u\000r\000t\000h\000e\000r\000\040\000r\000e\000s\000e\000a\000r\000c\000h}{section.1.4}% 20
\BOOKMARK [1][-]{section.1.5}{\376\377\000C\000o\000n\000t\000r\000i\000b\000u\000t\000i\000o\000n\000s\000\040\000o\000f\000\040\000t\000h\000e\000\040\000r\000e\000s\000e\000a\000r\000c\000h}{chapter.1}% 21
\BOOKMARK [1][-]{section.1.6}{\376\377\000R\000e\000s\000e\000a\000r\000c\000h\000\040\000f\000r\000a\000m\000e\000w\000o\000r\000k}{chapter.1}% 22
\BOOKMARK [1][-]{section.1.7}{\376\377\000S\000c\000o\000p\000e\000\040\000a\000n\000d\000\040\000l\000i\000m\000i\000t\000a\000t\000i\000o\000n\000s}{chapter.1}% 23
\BOOKMARK [0][-]{chapter.2}{\376\377\000R\000e\000v\000i\000e\000w\000\040\000o\000f\000\040\000R\000e\000l\000a\000t\000e\000d\000\040\000L\000i\000t\000e\000r\000a\000t\000u\000r\000e}{}% 24
\BOOKMARK [1][-]{section.2.1}{\376\377\000M\000e\000c\000h\000a\000n\000i\000s\000t\000i\000c\000\040\000f\000o\000u\000n\000d\000a\000t\000i\000o\000n\000s\000\040\000o\000f\000\040\000a\000c\000t\000i\000v\000a\000t\000e\000d\000\040\000s\000l\000u\000d\000g\000e\000\040\000m\000o\000d\000e\000l\000i\000n\000g}{chapter.2}% 25
\BOOKMARK [2][-]{subsection.2.1.1}{\376\377\000D\000e\000v\000e\000l\000o\000p\000m\000e\000n\000t\000\040\000o\000f\000\040\000c\000o\000m\000p\000o\000n\000e\000n\000t\000\040\000a\000n\000d\000\040\000n\000u\000t\000r\000i\000e\000n\000t\000\040\000m\000o\000d\000e\000l\000s}{section.2.1}% 26
\BOOKMARK [2][-]{subsection.2.1.2}{\376\377\000B\000i\000o\000l\000o\000g\000i\000c\000a\000l\000\040\000d\000e\000p\000e\000n\000d\000e\000n\000c\000e\000\040\000a\000n\000d\000\040\000c\000a\000l\000i\000b\000r\000a\000t\000i\000o\000n\000\040\000u\000n\000c\000e\000r\000t\000a\000i\000n\000t\000y}{section.2.1}% 27
\BOOKMARK [2][-]{subsection.2.1.3}{\376\377\000C\000l\000a\000r\000i\000f\000i\000c\000a\000t\000i\000o\000n\000\040\000a\000n\000d\000\040\000c\000o\000n\000n\000e\000c\000t\000e\000d\000\040\000p\000l\000a\000n\000t\000\040\000b\000a\000l\000a\000n\000c\000e\000s}{section.2.1}% 28
\BOOKMARK [1][-]{section.2.2}{\376\377\000D\000a\000t\000a\000-\000d\000r\000i\000v\000e\000n\000\040\000p\000r\000e\000d\000i\000c\000t\000i\000o\000n\000\040\000o\000f\000\040\000w\000a\000s\000t\000e\000w\000a\000t\000e\000r\000\040\000t\000r\000e\000a\000t\000m\000e\000n\000t\000\040\000r\000e\000s\000p\000o\000n\000s\000e\000s}{chapter.2}% 29
\BOOKMARK [2][-]{subsection.2.2.1}{\376\377\000S\000o\000f\000t\000\040\000s\000e\000n\000s\000o\000r\000s\000\040\000a\000n\000d\000\040\000r\000e\000p\000o\000r\000t\000e\000d\000\040\000t\000r\000e\000a\000t\000m\000e\000n\000t\000\040\000q\000u\000a\000n\000t\000i\000t\000i\000e\000s}{section.2.2}% 30
\BOOKMARK [2][-]{subsection.2.2.2}{\376\377\000C\000o\000m\000p\000o\000n\000e\000n\000t\000\040\000e\000s\000t\000i\000m\000a\000t\000i\000o\000n\000\040\000a\000n\000d\000\040\000s\000i\000m\000u\000l\000a\000t\000i\000o\000n\000-\000b\000a\000s\000e\000d\000\040\000s\000u\000r\000r\000o\000g\000a\000t\000e\000s}{section.2.2}% 31
\BOOKMARK [2][-]{subsection.2.2.3}{\376\377\000M\000o\000d\000e\000l\000\040\000c\000o\000m\000p\000a\000r\000i\000s\000o\000n\000,\000\040\000d\000a\000t\000a\000\040\000a\000v\000a\000i\000l\000a\000b\000i\000l\000i\000t\000y\000,\000\040\000a\000n\000d\000\040\000e\000x\000t\000r\000a\000p\000o\000l\000a\000t\000i\000o\000n}{section.2.2}% 32
\BOOKMARK [1][-]{section.2.3}{\376\377\000M\000e\000t\000h\000o\000d\000s\000\040\000f\000o\000r\000\040\000i\000m\000p\000o\000s\000i\000n\000g\000\040\000p\000h\000y\000s\000i\000c\000a\000l\000\040\000c\000o\000n\000s\000t\000r\000a\000i\000n\000t\000s\000\040\000o\000n\000\040\000p\000r\000e\000d\000i\000c\000t\000i\000o\000n\000s}{chapter.2}% 33
\BOOKMARK [2][-]{subsection.2.3.1}{\376\377\000P\000h\000y\000s\000i\000c\000a\000l\000\040\000g\000u\000i\000d\000a\000n\000c\000e\000\040\000d\000u\000r\000i\000n\000g\000\040\000f\000i\000t\000t\000i\000n\000g}{section.2.3}% 34
\BOOKMARK [2][-]{subsection.2.3.2}{\376\377\000C\000o\000n\000s\000e\000r\000v\000a\000t\000i\000o\000n\000\040\000t\000h\000r\000o\000u\000g\000h\000\040\000m\000o\000d\000e\000l\000\040\000c\000o\000n\000s\000t\000r\000u\000c\000t\000i\000o\000n}{section.2.3}% 35
\BOOKMARK [2][-]{subsection.2.3.3}{\376\377\000P\000r\000o\000j\000e\000c\000t\000i\000o\000n\000\040\000a\000f\000t\000e\000r\000\040\000s\000t\000a\000t\000i\000s\000t\000i\000c\000a\000l\000\040\000p\000r\000e\000d\000i\000c\000t\000i\000o\000n}{section.2.3}% 36
\BOOKMARK [2][-]{subsection.2.3.4}{\376\377\000C\000o\000n\000s\000t\000r\000a\000i\000n\000t\000\040\000s\000c\000o\000p\000e\000\040\000a\000n\000d\000\040\000r\000e\000c\000e\000n\000t\000\040\000e\000x\000t\000e\000n\000s\000i\000o\000n\000s}{section.2.3}% 37
\BOOKMARK [1][-]{section.2.4}{\376\377\000I\000n\000t\000e\000r\000p\000r\000e\000t\000a\000b\000l\000e\000\040\000m\000o\000d\000e\000l\000i\000n\000g\000\040\000o\000f\000\040\000t\000r\000e\000a\000t\000m\000e\000n\000t\000\040\000r\000e\000s\000p\000o\000n\000s\000e\000s}{chapter.2}% 38
\BOOKMARK [2][-]{subsection.2.4.1}{\376\377\000I\000n\000s\000p\000e\000c\000t\000i\000o\000n\000\040\000o\000f\000\040\000i\000n\000p\000u\000t\000s\000\040\000a\000n\000d\000\040\000f\000i\000t\000t\000e\000d\000\040\000r\000e\000l\000a\000t\000i\000o\000n\000s\000h\000i\000p\000s}{section.2.4}% 39
\BOOKMARK [2][-]{subsection.2.4.2}{\376\377\000S\000t\000r\000u\000c\000t\000u\000r\000e\000d\000\040\000r\000e\000g\000r\000e\000s\000s\000i\000o\000n\000\040\000a\000n\000d\000\040\000t\000h\000e\000\040\000f\000i\000n\000a\000l\000\040\000p\000r\000o\000j\000e\000c\000t\000e\000d\000\040\000s\000t\000a\000t\000e}{section.2.4}% 40
\BOOKMARK [1][-]{section.2.5}{\376\377\000S\000u\000r\000r\000o\000g\000a\000t\000e\000\040\000m\000o\000d\000e\000l\000i\000n\000g\000\040\000f\000o\000r\000\040\000o\000p\000e\000r\000a\000t\000i\000n\000g\000\040\000d\000e\000c\000i\000s\000i\000o\000n\000s}{chapter.2}% 41
\BOOKMARK [2][-]{subsection.2.5.1}{\376\377\000M\000e\000c\000h\000a\000n\000i\000s\000t\000i\000c\000\040\000a\000n\000d\000\040\000l\000e\000a\000r\000n\000e\000d\000\040\000r\000o\000u\000t\000e\000s\000\040\000t\000o\000\040\000o\000p\000e\000r\000a\000t\000i\000n\000g\000\040\000o\000p\000t\000i\000m\000i\000z\000a\000t\000i\000o\000n}{section.2.5}% 42
\BOOKMARK [2][-]{subsection.2.5.2}{\376\377\000I\000n\000t\000e\000g\000r\000a\000t\000e\000d\000\040\000r\000e\000s\000o\000u\000r\000c\000e\000\040\000r\000e\000c\000o\000v\000e\000r\000y\000\040\000a\000n\000d\000\040\000c\000o\000n\000n\000e\000c\000t\000e\000d\000\040\000r\000e\000s\000p\000o\000n\000s\000e\000s}{section.2.5}% 43
\BOOKMARK [2][-]{subsection.2.5.3}{\376\377\000A\000p\000p\000r\000o\000x\000i\000m\000a\000t\000i\000o\000n\000\040\000e\000r\000r\000o\000r\000\040\000a\000t\000\040\000s\000e\000l\000e\000c\000t\000e\000d\000\040\000o\000p\000e\000r\000a\000t\000i\000n\000g\000\040\000c\000o\000n\000d\000i\000t\000i\000o\000n\000s}{section.2.5}% 44
\BOOKMARK [1][-]{section.2.6}{\376\377\000S\000y\000n\000t\000h\000e\000s\000i\000s\000\040\000o\000f\000\040\000e\000s\000t\000a\000b\000l\000i\000s\000h\000e\000d\000\040\000c\000o\000n\000t\000r\000i\000b\000u\000t\000i\000o\000n\000s\000\040\000a\000n\000d\000\040\000r\000e\000m\000a\000i\000n\000i\000n\000g\000\040\000g\000a\000p\000s}{chapter.2}% 45
\BOOKMARK [2][-]{subsection.2.6.1}{\376\377\000W\000h\000a\000t\000\040\000t\000h\000e\000\040\000r\000e\000v\000i\000e\000w\000e\000d\000\040\000s\000t\000u\000d\000i\000e\000s\000\040\000h\000a\000v\000e\000\040\000a\000d\000d\000r\000e\000s\000s\000e\000d}{section.2.6}% 46
\BOOKMARK [2][-]{subsection.2.6.2}{\376\377\000T\000h\000e\000\040\000f\000o\000u\000r\000\040\000l\000i\000n\000k\000e\000d\000\040\000q\000u\000e\000s\000t\000i\000o\000n\000s\000\040\000o\000f\000\040\000t\000h\000e\000\040\000d\000i\000s\000s\000e\000r\000t\000a\000t\000i\000o\000n}{section.2.6}% 47
\BOOKMARK [0][-]{chapter.3}{\376\377\000M\000e\000c\000h\000a\000n\000i\000s\000t\000i\000c\000\040\000F\000o\000u\000n\000d\000a\000t\000i\000o\000n\000s\000\040\000o\000f\000\040\000P\000h\000y\000s\000i\000c\000a\000l\000l\000y\000\040\000A\000d\000m\000i\000s\000s\000i\000b\000l\000e\000\040\000P\000r\000e\000d\000i\000c\000t\000i\000o\000n}{}% 48
\BOOKMARK [1][-]{section.3.1}{\376\377\000T\000h\000e\000\040\000c\000o\000m\000p\000o\000n\000e\000n\000t\000\040\000s\000t\000a\000t\000e\000\040\000a\000s\000\040\000t\000h\000e\000\040\000o\000b\000j\000e\000c\000t\000\040\000o\000f\000\040\000p\000r\000e\000d\000i\000c\000t\000i\000o\000n}{chapter.3}% 49
\BOOKMARK [2][-]{subsection.3.1.1}{\376\377\000R\000e\000a\000d\000i\000n\000g\000\040\000c\000o\000m\000p\000o\000n\000e\000n\000t\000\040\000v\000e\000c\000t\000o\000r\000s\000\040\000a\000n\000d\000\040\000m\000a\000t\000r\000i\000x\000\040\000o\000p\000e\000r\000a\000t\000i\000o\000n\000s}{section.3.1}% 50
\BOOKMARK [1][-]{section.3.2}{\376\377\000B\000i\000o\000l\000o\000g\000i\000c\000a\000l\000\040\000m\000e\000a\000n\000i\000n\000g\000\040\000o\000f\000\040\000t\000h\000e\000\040\000c\000o\000m\000p\000o\000n\000e\000n\000t\000\040\000t\000r\000a\000n\000s\000f\000o\000r\000m\000a\000t\000i\000o\000n\000s}{chapter.3}% 51
\BOOKMARK [2][-]{subsection.3.2.1}{\376\377\000E\000l\000e\000c\000t\000r\000o\000n\000\040\000d\000o\000n\000o\000r\000s\000,\000\040\000e\000l\000e\000c\000t\000r\000o\000n\000\040\000a\000c\000c\000e\000p\000t\000o\000r\000s\000,\000\040\000a\000n\000d\000\040\000b\000i\000o\000m\000a\000s\000s}{section.3.2}% 52
\BOOKMARK [2][-]{subsection.3.2.2}{\376\377\000N\000i\000t\000r\000o\000g\000e\000n\000\040\000t\000r\000a\000n\000s\000f\000o\000r\000m\000a\000t\000i\000o\000n\000s\000\040\000a\000n\000d\000\040\000t\000h\000e\000i\000r\000\040\000o\000x\000y\000g\000e\000n\000\040\000r\000e\000q\000u\000i\000r\000e\000m\000e\000n\000t\000s}{section.3.2}% 53
\BOOKMARK [2][-]{subsection.3.2.3}{\376\377\000F\000r\000o\000m\000\040\000e\000l\000e\000m\000e\000n\000t\000a\000l\000\040\000a\000c\000c\000o\000u\000n\000t\000i\000n\000g\000\040\000t\000o\000\040\000t\000h\000e\000\040\000a\000d\000o\000p\000t\000e\000d\000\040\000s\000t\000a\000t\000e\000\040\000b\000a\000s\000i\000s}{section.3.2}% 54
\BOOKMARK [1][-]{section.3.3}{\376\377\000P\000r\000o\000c\000e\000s\000s\000\040\000t\000r\000a\000n\000s\000f\000o\000r\000m\000a\000t\000i\000o\000n\000s\000\040\000a\000n\000d\000\040\000t\000h\000e\000i\000r\000\040\000r\000a\000t\000e\000s}{chapter.3}% 55
\BOOKMARK [1][-]{section.3.4}{\376\377\000T\000h\000e\000\040\000s\000t\000e\000a\000d\000y\000-\000s\000t\000a\000t\000e\000\040\000r\000e\000a\000c\000t\000o\000r\000\040\000b\000o\000u\000n\000d\000a\000r\000y}{chapter.3}% 56
\BOOKMARK [1][-]{section.3.5}{\376\377\000F\000r\000o\000m\000\040\000s\000t\000o\000i\000c\000h\000i\000o\000m\000e\000t\000r\000y\000\040\000t\000o\000\040\000m\000a\000s\000s\000\040\000c\000o\000n\000s\000e\000r\000v\000a\000t\000i\000o\000n\000\040\000i\000n\000v\000a\000r\000i\000a\000n\000t\000s}{chapter.3}% 57
\BOOKMARK [1][-]{section.3.6}{\376\377\000R\000e\000a\000c\000t\000i\000o\000n\000\040\000p\000r\000o\000g\000r\000e\000s\000s\000\040\000a\000n\000d\000\040\000t\000h\000e\000\040\000f\000e\000a\000s\000i\000b\000l\000e\000\040\000s\000t\000a\000t\000e\000\040\000g\000e\000o\000m\000e\000t\000r\000y}{chapter.3}% 58
\BOOKMARK [1][-]{section.3.7}{\376\377\000R\000e\000p\000o\000r\000t\000e\000d\000\040\000w\000a\000t\000e\000r\000\040\000q\000u\000a\000l\000i\000t\000y\000\040\000q\000u\000a\000n\000t\000i\000t\000i\000e\000s\000\040\000a\000n\000d\000\040\000h\000i\000d\000d\000e\000n\000\040\000c\000o\000m\000p\000o\000n\000e\000n\000t\000\040\000e\000r\000r\000o\000r\000s}{chapter.3}% 59
\BOOKMARK [1][-]{section.3.8}{\376\377\000M\000i\000x\000i\000n\000g\000\040\000a\000n\000d\000\040\000s\000p\000a\000t\000i\000a\000l\000\040\000t\000r\000a\000n\000s\000p\000o\000r\000t\000\040\000a\000s\000\040\000m\000o\000d\000e\000l\000\040\000b\000o\000u\000n\000d\000a\000r\000i\000e\000s}{chapter.3}% 60
\BOOKMARK [1][-]{section.3.9}{\376\377\000A\000\040\000c\000o\000m\000m\000o\000n\000\040\000b\000a\000s\000i\000s\000\040\000f\000o\000r\000\040\000a\000s\000s\000e\000s\000s\000i\000n\000g\000\040\000s\000u\000r\000r\000o\000g\000a\000t\000e\000\040\000r\000e\000s\000p\000o\000n\000s\000e\000s}{chapter.3}% 61
\BOOKMARK [0][-]{chapter.4}{\376\377\000L\000e\000a\000r\000n\000i\000n\000g\000\040\000t\000h\000e\000\040\000R\000e\000a\000c\000t\000o\000r\000\040\000R\000e\000s\000p\000o\000n\000s\000e\000\040\000a\000n\000d\000\040\000E\000n\000f\000o\000r\000c\000i\000n\000g\000\040\000P\000h\000y\000s\000i\000c\000a\000l\000\040\000A\000d\000m\000i\000s\000s\000i\000b\000i\000l\000i\000t\000y}{}% 62
\BOOKMARK [1][-]{section.4.1}{\376\377\000R\000a\000t\000i\000o\000n\000a\000l\000e}{chapter.4}% 63
\BOOKMARK [1][-]{section.4.2}{\376\377\000T\000h\000e\000o\000r\000y}{chapter.4}% 64
\BOOKMARK [2][-]{subsection.4.2.1}{\376\377\000R\000e\000a\000c\000t\000o\000r\000\040\000i\000n\000p\000u\000t\000s\000\040\000a\000n\000d\000\040\000r\000a\000w\000\040\000p\000r\000e\000d\000i\000c\000t\000i\000o\000n\000s}{section.4.2}% 65
\BOOKMARK [2][-]{subsection.4.2.2}{\376\377\000S\000t\000a\000t\000i\000s\000t\000i\000c\000a\000l\000\040\000r\000e\000s\000p\000o\000n\000s\000e\000\040\000m\000o\000d\000e\000l\000s}{section.4.2}% 66
\BOOKMARK [2][-]{subsection.4.2.3}{\376\377\000S\000i\000m\000u\000l\000t\000a\000n\000e\000o\000u\000s\000\040\000p\000h\000y\000s\000i\000c\000a\000l\000\040\000r\000e\000q\000u\000i\000r\000e\000m\000e\000n\000t\000s}{section.4.2}% 67
\BOOKMARK [2][-]{subsection.4.2.4}{\376\377\000T\000h\000e\000\040\000K\000i\000r\000c\000h\000e\000r\040\023\000V\000o\000t\000s\000m\000e\000i\000e\000r\000\040\000p\000r\000o\000j\000e\000c\000t\000i\000o\000n\000\040\000f\000o\000r\000\040\000m\000a\000s\000s\000\040\000c\000o\000n\000s\000e\000r\000v\000a\000t\000i\000o\000n\000\040\000a\000n\000d\000\040\000n\000o\000n\000-\000n\000e\000g\000a\000t\000i\000v\000i\000t\000y}{section.4.2}% 68
\BOOKMARK [1][-]{section.4.3}{\376\377\000M\000e\000t\000h\000o\000d\000o\000l\000o\000g\000y}{chapter.4}% 69
\BOOKMARK [2][-]{subsection.4.3.1}{\376\377\000C\000o\000n\000s\000t\000r\000u\000c\000t\000i\000n\000g\000\040\000a\000\040\000m\000e\000c\000h\000a\000n\000i\000s\000t\000i\000c\000\040\000l\000e\000a\000r\000n\000i\000n\000g\000\040\000d\000o\000m\000a\000i\000n}{section.4.3}% 70
\BOOKMARK [2][-]{subsection.4.3.2}{\376\377\000P\000r\000e\000p\000r\000o\000c\000e\000s\000s\000i\000n\000g\000\040\000a\000n\000d\000\040\000v\000a\000l\000i\000d\000a\000t\000i\000o\000n\000\040\000w\000i\000t\000h\000o\000u\000t\000\040\000r\000e\000s\000p\000o\000n\000s\000e\000\040\000l\000e\000a\000k\000a\000g\000e}{section.4.3}% 71
\BOOKMARK [2][-]{subsection.4.3.3}{\376\377\000H\000y\000p\000e\000r\000p\000a\000r\000a\000m\000e\000t\000e\000r\000\040\000s\000e\000l\000e\000c\000t\000i\000o\000n}{section.4.3}% 72
\BOOKMARK [2][-]{subsection.4.3.4}{\376\377\000E\000v\000a\000l\000u\000a\000t\000i\000o\000n\000\040\000o\000f\000\040\000e\000r\000r\000o\000r\000,\000\040\000f\000e\000a\000s\000i\000b\000i\000l\000i\000t\000y\000,\000\040\000a\000n\000d\000\040\000p\000r\000o\000j\000e\000c\000t\000i\000o\000n\000\040\000s\000i\000z\000e}{section.4.3}% 73
\BOOKMARK [2][-]{subsection.4.3.5}{\376\377\000T\000e\000s\000t\000i\000n\000g\000\040\000i\000n\000p\000u\000t\000s\000\040\000b\000e\000y\000o\000n\000d\000\040\000t\000h\000e\000\040\000l\000e\000a\000r\000n\000i\000n\000g\000\040\000d\000o\000m\000a\000i\000n}{section.4.3}% 74
\BOOKMARK [2][-]{subsection.4.3.6}{\376\377\000C\000o\000m\000p\000u\000t\000a\000t\000i\000o\000n\000a\000l\000\040\000c\000o\000s\000t\000\040\000a\000s\000s\000e\000s\000s\000m\000e\000n\000t}{section.4.3}% 75
\BOOKMARK [1][-]{section.4.4}{\376\377\000R\000e\000s\000u\000l\000t\000s}{chapter.4}% 76
\BOOKMARK [2][-]{subsection.4.4.1}{\376\377\000M\000e\000c\000h\000a\000n\000i\000s\000t\000i\000c\000\040\000r\000e\000f\000e\000r\000e\000n\000c\000e\000-\000s\000t\000a\000t\000e\000\040\000c\000h\000e\000c\000k\000s}{section.4.4}% 77
\BOOKMARK [2][-]{subsection.4.4.2}{\376\377\000P\000r\000e\000d\000i\000c\000t\000i\000o\000n\000\040\000w\000i\000t\000h\000i\000n\000\040\000t\000h\000e\000\040\000l\000e\000a\000r\000n\000i\000n\000g\000\040\000d\000o\000m\000a\000i\000n}{section.4.4}% 78
\BOOKMARK [2][-]{subsection.4.4.3}{\376\377\000R\000e\000s\000p\000o\000n\000s\000e\000\040\000t\000o\000\040\000t\000h\000e\000\040\000a\000m\000o\000u\000n\000t\000\040\000o\000f\000\040\000t\000r\000a\000i\000n\000i\000n\000g\000\040\000d\000a\000t\000a}{section.4.4}% 79
\BOOKMARK [2][-]{subsection.4.4.4}{\376\377\000P\000h\000y\000s\000i\000c\000a\000l\000\040\000e\000n\000f\000o\000r\000c\000e\000m\000e\000n\000t\000\040\000a\000n\000d\000\040\000c\000o\000m\000p\000o\000n\000e\000n\000t\000\040\000r\000e\000d\000i\000s\000t\000r\000i\000b\000u\000t\000i\000o\000n}{section.4.4}% 80
\BOOKMARK [2][-]{subsection.4.4.5}{\376\377\000P\000r\000e\000d\000i\000c\000t\000i\000o\000n\000\040\000b\000e\000y\000o\000n\000d\000\040\000t\000h\000e\000\040\000l\000e\000a\000r\000n\000i\000n\000g\000\040\000d\000o\000m\000a\000i\000n}{section.4.4}% 81
\BOOKMARK [2][-]{subsection.4.4.6}{\376\377\000F\000i\000t\000t\000i\000n\000g\000\040\000a\000n\000d\000\040\000p\000r\000e\000d\000i\000c\000t\000i\000o\000n\000\040\000c\000o\000s\000t\000s}{section.4.4}% 82
\BOOKMARK [1][-]{section.4.5}{\376\377\000D\000i\000s\000c\000u\000s\000s\000i\000o\000n}{chapter.4}% 83
\BOOKMARK [2][-]{subsection.4.5.1}{\376\377\000M\000a\000s\000s\000\040\000c\000o\000n\000s\000e\000r\000v\000a\000t\000i\000o\000n\000\040\000a\000n\000d\000\040\000p\000r\000e\000d\000i\000c\000t\000i\000o\000n\000\040\000e\000r\000r\000o\000r}{section.4.5}% 84
\BOOKMARK [2][-]{subsection.4.5.2}{\376\377\000S\000t\000a\000t\000i\000s\000t\000i\000c\000a\000l\000\040\000a\000c\000c\000u\000r\000a\000c\000y\000\040\000a\000n\000d\000\040\000p\000h\000y\000s\000i\000c\000a\000l\000\040\000a\000d\000m\000i\000s\000s\000i\000b\000i\000l\000i\000t\000y}{section.4.5}% 85
\BOOKMARK [2][-]{subsection.4.5.3}{\376\377\000W\000h\000y\000\040\000e\000n\000f\000o\000r\000c\000e\000m\000e\000n\000t\000\040\000c\000a\000n\000\040\000i\000n\000c\000r\000e\000a\000s\000e\000\040\000p\000r\000e\000d\000i\000c\000t\000i\000o\000n\000\040\000e\000r\000r\000o\000r}{section.4.5}% 86
\BOOKMARK [2][-]{subsection.4.5.4}{\376\377\000D\000a\000t\000a\000\040\000s\000u\000p\000p\000o\000r\000t\000,\000\040\000e\000x\000t\000r\000a\000p\000o\000l\000a\000t\000i\000o\000n\000,\000\040\000a\000n\000d\000\040\000p\000r\000a\000c\000t\000i\000c\000a\000l\000\040\000u\000s\000e}{section.4.5}% 87
\BOOKMARK [2][-]{subsection.4.5.5}{\376\377\000D\000a\000t\000a\000\040\000A\000v\000a\000i\000l\000a\000b\000i\000l\000i\000t\000y}{section.4.5}% 88
\BOOKMARK [0][-]{chapter.5}{\376\377\000I\000n\000t\000e\000r\000p\000r\000e\000t\000a\000b\000l\000e\000\040\000R\000e\000g\000r\000e\000s\000s\000i\000o\000n\000\040\000w\000i\000t\000h\000\040\000C\000h\000e\000c\000k\000e\000d\000\040\000P\000h\000y\000s\000i\000c\000a\000l\000\040\000P\000r\000e\000d\000i\000c\000t\000i\000o\000n\000s}{}% 89
\BOOKMARK [1][-]{section.5.1}{\376\377\000R\000a\000t\000i\000o\000n\000a\000l\000e}{chapter.5}% 90
\BOOKMARK [1][-]{section.5.2}{\376\377\000T\000h\000e\000o\000r\000y}{chapter.5}% 91
\BOOKMARK [2][-]{subsection.5.2.1}{\376\377\000M\000a\000s\000s\000\040\000c\000o\000n\000s\000e\000r\000v\000a\000t\000i\000o\000n\000\040\000i\000n\000\040\000t\000h\000e\000\040\000a\000d\000o\000p\000t\000e\000d\000\040\000s\000t\000a\000t\000e\000\040\000s\000p\000a\000c\000e}{section.5.2}% 92
\BOOKMARK [2][-]{subsection.5.2.2}{\376\377\000A\000\040\000p\000a\000r\000t\000i\000t\000i\000o\000n\000e\000d\000\040\000s\000e\000c\000o\000n\000d\000-\000o\000r\000d\000e\000r\000\040\000d\000r\000i\000v\000e\000r}{section.5.2}% 93
\BOOKMARK [2][-]{subsection.5.2.3}{\376\377\000L\000e\000a\000r\000n\000e\000d\000\040\000c\000o\000u\000p\000l\000i\000n\000g\000\040\000a\000m\000o\000n\000g\000\040\000e\000f\000f\000l\000u\000e\000n\000t\000\040\000c\000o\000m\000p\000o\000n\000e\000n\000t\000s}{section.5.2}% 94
\BOOKMARK [1][-]{section.5.3}{\376\377\000M\000e\000t\000h\000o\000d\000o\000l\000o\000g\000y}{chapter.5}% 95
\BOOKMARK [2][-]{subsection.5.3.1}{\376\377\000F\000i\000t\000t\000i\000n\000g\000\040\000i\000n\000\040\000p\000r\000e\000d\000i\000c\000t\000i\000o\000n\000\040\000s\000p\000a\000c\000e}{section.5.3}% 96
\BOOKMARK [2][-]{subsection.5.3.2}{\376\377\000C\000h\000e\000c\000k\000e\000d\000\040\000d\000e\000p\000l\000o\000y\000m\000e\000n\000t}{section.5.3}% 97
\BOOKMARK [2][-]{subsection.5.3.3}{\376\377\000I\000n\000t\000e\000r\000p\000r\000e\000t\000i\000n\000g\000\040\000t\000h\000e\000\040\000c\000o\000m\000p\000l\000e\000t\000e\000\040\000p\000r\000e\000d\000i\000c\000t\000i\000o\000n\000\040\000m\000a\000p}{section.5.3}% 98
\BOOKMARK [2][-]{subsection.5.3.4}{\376\377\000A\000s\000s\000e\000s\000s\000m\000e\000n\000t\000\040\000d\000e\000s\000i\000g\000n\000\040\000f\000o\000r\000\040\000t\000h\000e\000\040\000s\000t\000r\000u\000c\000t\000u\000r\000e\000d\000\040\000r\000e\000g\000r\000e\000s\000s\000i\000o\000n}{section.5.3}% 99
\BOOKMARK [2][-]{subsection.5.3.5}{\376\377\000I\000n\000t\000e\000r\000p\000r\000e\000t\000a\000b\000i\000l\000i\000t\000y\000\040\000a\000s\000s\000e\000s\000s\000m\000e\000n\000t}{section.5.3}% 100
\BOOKMARK [1][-]{section.5.4}{\376\377\000R\000e\000s\000u\000l\000t\000s}{chapter.5}% 101
\BOOKMARK [2][-]{subsection.5.4.1}{\376\377\000A\000c\000c\000u\000r\000a\000c\000y\000\040\000o\000n\000\040\000t\000h\000e\000\040\000f\000i\000x\000e\000d\000\040\000h\000e\000l\000d\000-\000o\000u\000t\000\040\000p\000a\000r\000t\000i\000t\000i\000o\000n}{section.5.4}% 102
\BOOKMARK [2][-]{subsection.5.4.2}{\376\377\000S\000a\000m\000p\000l\000e\000\040\000e\000f\000f\000i\000c\000i\000e\000n\000c\000y\000\040\000a\000n\000d\000\040\000g\000e\000n\000e\000r\000a\000l\000i\000z\000a\000t\000i\000o\000n}{section.5.4}% 103
\BOOKMARK [2][-]{subsection.5.4.3}{\376\377\000P\000h\000y\000s\000i\000c\000a\000l\000\040\000c\000h\000e\000c\000k\000s\000\040\000a\000n\000d\000\040\000d\000e\000p\000l\000o\000y\000m\000e\000n\000t\000\040\000b\000r\000a\000n\000c\000h\000e\000s}{section.5.4}% 104
\BOOKMARK [2][-]{subsection.5.4.4}{\376\377\000C\000o\000m\000p\000u\000t\000a\000t\000i\000o\000n\000a\000l\000\040\000e\000f\000f\000o\000r\000t}{section.5.4}% 105
\BOOKMARK [2][-]{subsection.5.4.5}{\376\377\000I\000n\000s\000p\000e\000c\000t\000a\000b\000l\000e\000\040\000c\000o\000e\000f\000f\000i\000c\000i\000e\000n\000t\000\040\000s\000t\000r\000u\000c\000t\000u\000r\000e}{section.5.4}% 106
\BOOKMARK [1][-]{section.5.5}{\376\377\000D\000i\000s\000c\000u\000s\000s\000i\000o\000n}{chapter.5}% 107
\BOOKMARK [2][-]{subsection.5.5.1}{\376\377\000A\000\040\000s\000t\000r\000u\000c\000t\000u\000r\000e\000d\000\040\000a\000p\000p\000r\000o\000x\000i\000m\000a\000t\000i\000o\000n\000\040\000u\000n\000d\000e\000r\000\040\000l\000i\000m\000i\000t\000e\000d\000\040\000d\000a\000t\000a}{section.5.5}% 108
\BOOKMARK [2][-]{subsection.5.5.2}{\376\377\000F\000i\000t\000t\000i\000n\000g\000\040\000g\000u\000i\000d\000a\000n\000c\000e\000\040\000a\000n\000d\000\040\000f\000i\000n\000a\000l\000-\000s\000t\000a\000t\000e\000\040\000e\000n\000f\000o\000r\000c\000e\000m\000e\000n\000t}{section.5.5}% 109
\BOOKMARK [2][-]{subsection.5.5.3}{\376\377\000W\000h\000a\000t\000\040\000t\000h\000e\000\040\000c\000o\000e\000f\000f\000i\000c\000i\000e\000n\000t\000\040\000s\000t\000r\000u\000c\000t\000u\000r\000e\000\040\000e\000x\000p\000l\000a\000i\000n\000s}{section.5.5}% 110
\BOOKMARK [2][-]{subsection.5.5.4}{\376\377\000E\000n\000g\000i\000n\000e\000e\000r\000i\000n\000g\000\040\000i\000m\000p\000l\000i\000c\000a\000t\000i\000o\000n\000s}{section.5.5}% 111
\BOOKMARK [2][-]{subsection.5.5.5}{\376\377\000D\000a\000t\000a\000\040\000A\000v\000a\000i\000l\000a\000b\000i\000l\000i\000t\000y}{section.5.5}% 112
\BOOKMARK [0][-]{chapter.6}{\376\377\000C\000o\000n\000n\000e\000c\000t\000e\000d\000\040\000p\000l\000a\000n\000t\000\040\000s\000u\000r\000r\000o\000g\000a\000t\000e\000s\000\040\000a\000n\000d\000\040\000o\000p\000e\000r\000a\000t\000i\000n\000g\000\040\000o\000p\000t\000i\000m\000i\000z\000a\000t\000i\000o\000n}{}% 113
\BOOKMARK [1][-]{section.6.1}{\376\377\000R\000a\000t\000i\000o\000n\000a\000l\000e}{chapter.6}% 114
\BOOKMARK [1][-]{section.6.2}{\376\377\000T\000h\000e\000o\000r\000y}{chapter.6}% 115
\BOOKMARK [2][-]{subsection.6.2.1}{\376\377\000H\000y\000d\000r\000a\000u\000l\000i\000c\000\040\000c\000o\000n\000n\000e\000c\000t\000i\000o\000n\000s\000\040\000a\000n\000d\000\040\000r\000e\000a\000c\000t\000o\000r\000\040\000i\000n\000v\000e\000n\000t\000o\000r\000i\000e\000s}{section.6.2}% 116
\BOOKMARK [2][-]{subsection.6.2.2}{\376\377\000C\000l\000a\000r\000i\000f\000i\000c\000a\000t\000i\000o\000n\000\040\000a\000n\000d\000\040\000s\000o\000l\000i\000d\000s\000\040\000s\000t\000o\000r\000a\000g\000e}{section.6.2}% 117
\BOOKMARK [2][-]{subsection.6.2.3}{\376\377\000S\000t\000a\000t\000i\000s\000t\000i\000c\000a\000l\000\040\000p\000r\000e\000d\000i\000c\000t\000i\000o\000n\000\040\000o\000f\000\040\000t\000h\000e\000\040\000c\000o\000n\000n\000e\000c\000t\000e\000d\000\040\000r\000e\000s\000p\000o\000n\000s\000e}{section.6.2}% 118
\BOOKMARK [2][-]{subsection.6.2.4}{\376\377\000J\000o\000i\000n\000t\000\040\000p\000r\000o\000j\000e\000c\000t\000i\000o\000n\000\040\000o\000n\000t\000o\000\040\000t\000h\000e\000\040\000d\000e\000c\000l\000a\000r\000e\000d\000\040\000p\000l\000a\000n\000t\000\040\000c\000o\000n\000s\000t\000r\000a\000i\000n\000t\000s}{section.6.2}% 119
\BOOKMARK [2][-]{subsection.6.2.5}{\376\377\000T\000r\000e\000a\000t\000m\000e\000n\000t\000\040\000p\000r\000i\000o\000r\000i\000t\000i\000e\000s\000,\000\040\000r\000e\000s\000o\000u\000r\000c\000e\000\040\000m\000e\000a\000s\000u\000r\000e\000s\000,\000\040\000a\000n\000d\000\040\000o\000p\000e\000r\000a\000t\000i\000n\000g\000\040\000s\000a\000f\000e\000g\000u\000a\000r\000d\000s}{section.6.2}% 120
\BOOKMARK [2][-]{subsection.6.2.6}{\376\377\000B\000o\000u\000n\000d\000e\000d\000\040\000p\000r\000o\000d\000u\000c\000t\000s\000\040\000a\000n\000d\000\040\000c\000o\000n\000v\000e\000x\000\040\000r\000e\000l\000a\000x\000a\000t\000i\000o\000n}{section.6.2}% 121
\BOOKMARK [2][-]{subsection.6.2.7}{\376\377\000A\000\040\000d\000i\000r\000e\000c\000t\000\040\000m\000e\000c\000h\000a\000n\000i\000s\000t\000i\000c\000\040\000c\000o\000m\000p\000a\000r\000a\000t\000o\000r}{section.6.2}% 122
\BOOKMARK [1][-]{section.6.3}{\376\377\000M\000e\000t\000h\000o\000d\000o\000l\000o\000g\000y}{chapter.6}% 123
\BOOKMARK [2][-]{subsection.6.3.1}{\376\377\000C\000a\000s\000e\000-\000s\000t\000u\000d\000y\000\040\000d\000o\000m\000a\000i\000n\000\040\000a\000n\000d\000\040\000f\000i\000x\000e\000d\000\040\000p\000a\000r\000a\000m\000e\000t\000e\000r\000s}{section.6.3}% 124
\BOOKMARK [2][-]{subsection.6.3.2}{\376\377\000M\000e\000c\000h\000a\000n\000i\000s\000t\000i\000c\000\040\000s\000a\000m\000p\000l\000i\000n\000g\000,\000\040\000f\000i\000t\000t\000i\000n\000g\000,\000\040\000a\000n\000d\000\040\000p\000r\000e\000d\000i\000c\000t\000i\000o\000n\000\040\000a\000s\000s\000e\000s\000s\000m\000e\000n\000t}{section.6.3}% 125
\BOOKMARK [2][-]{subsection.6.3.3}{\376\377\000O\000p\000e\000r\000a\000t\000i\000n\000g\000\040\000s\000e\000a\000r\000c\000h\000e\000s\000\040\000a\000n\000d\000\040\000c\000o\000n\000v\000e\000r\000g\000e\000n\000c\000e\000\040\000e\000v\000i\000d\000e\000n\000c\000e}{section.6.3}% 126
\BOOKMARK [2][-]{subsection.6.3.4}{\376\377\000I\000n\000d\000e\000p\000e\000n\000d\000e\000n\000t\000\040\000m\000e\000c\000h\000a\000n\000i\000s\000t\000i\000c\000\040\000v\000e\000r\000i\000f\000i\000c\000a\000t\000i\000o\000n\000\040\000a\000n\000d\000\040\000f\000a\000i\000r\000\040\000c\000o\000m\000p\000a\000r\000i\000s\000o\000n}{section.6.3}% 127
\BOOKMARK [1][-]{section.6.4}{\376\377\000R\000e\000s\000u\000l\000t\000s}{chapter.6}% 128
\BOOKMARK [2][-]{subsection.6.4.1}{\376\377\000A\000c\000c\000e\000p\000t\000e\000d\000\040\000d\000e\000v\000e\000l\000o\000p\000m\000e\000n\000t\000\040\000a\000n\000d\000\040\000h\000o\000l\000d\000o\000u\000t\000\040\000s\000t\000a\000t\000e\000s}{section.6.4}% 129
\BOOKMARK [2][-]{subsection.6.4.2}{\376\377\000A\000g\000g\000r\000e\000g\000a\000t\000e\000\040\000a\000n\000d\000\040\000l\000o\000c\000a\000l\000\040\000h\000o\000l\000d\000o\000u\000t\000\040\000a\000c\000c\000u\000r\000a\000c\000y}{section.6.4}% 130
\BOOKMARK [2][-]{subsection.6.4.3}{\376\377\000P\000a\000r\000i\000t\000y\000\040\000a\000c\000r\000o\000s\000s\000\040\000t\000h\000e\000\040\000c\000o\000n\000n\000e\000c\000t\000e\000d\000\040\000t\000r\000e\000a\000t\000m\000e\000n\000t\000\040\000s\000y\000s\000t\000e\000m}{section.6.4}% 131
\BOOKMARK [2][-]{subsection.6.4.4}{\376\377\000P\000h\000y\000s\000i\000c\000a\000l\000\040\000a\000u\000d\000i\000t\000s\000\040\000a\000n\000d\000\040\000s\000e\000a\000r\000c\000h\000\040\000q\000u\000a\000l\000i\000f\000i\000c\000a\000t\000i\000o\000n\000s}{section.6.4}% 132
\BOOKMARK [2][-]{subsection.6.4.5}{\376\377\000P\000r\000e\000d\000i\000c\000t\000i\000o\000n\000\040\000f\000i\000d\000e\000l\000i\000t\000y\000\040\000a\000t\000\040\000s\000e\000l\000e\000c\000t\000e\000d\000\040\000c\000o\000n\000t\000r\000o\000l\000s}{section.6.4}% 133
\BOOKMARK [2][-]{subsection.6.4.6}{\376\377\000T\000r\000e\000a\000t\000m\000e\000n\000t\000\040\000o\000u\000t\000c\000o\000m\000e\000s\000\040\000a\000n\000d\000\040\000o\000p\000e\000r\000a\000t\000i\000n\000g\000\040\000c\000h\000o\000i\000c\000e\000s}{section.6.4}% 134
\BOOKMARK [2][-]{subsection.6.4.7}{\376\377\000M\000e\000c\000h\000a\000n\000i\000s\000t\000i\000c\000\040\000t\000r\000e\000a\000t\000m\000e\000n\000t\000-\000t\000r\000a\000i\000n\000\040\000p\000r\000o\000f\000i\000l\000e\000s}{section.6.4}% 135
\BOOKMARK [2][-]{subsection.6.4.8}{\376\377\000Q\000u\000a\000l\000i\000t\000y\000\040\000a\000n\000d\000\040\000r\000e\000s\000o\000u\000r\000c\000e\000\040\000t\000r\000a\000d\000e\000-\000o\000f\000f\000s}{section.6.4}% 136
\BOOKMARK [2][-]{subsection.6.4.9}{\376\377\000O\000p\000t\000i\000m\000i\000z\000a\000t\000i\000o\000n\000\040\000t\000i\000m\000e}{section.6.4}% 137
\BOOKMARK [1][-]{section.6.5}{\376\377\000D\000i\000s\000c\000u\000s\000s\000i\000o\000n}{chapter.6}% 138
\BOOKMARK [2][-]{subsection.6.5.1}{\376\377\000C\000o\000n\000n\000e\000c\000t\000e\000d\000\040\000e\000n\000f\000o\000r\000c\000e\000m\000e\000n\000t\000\040\000a\000n\000d\000\040\000i\000t\000s\000\040\000s\000t\000a\000t\000i\000s\000t\000i\000c\000a\000l\000\040\000b\000e\000n\000e\000f\000i\000t}{section.6.5}% 139
\BOOKMARK [2][-]{subsection.6.5.2}{\376\377\000H\000o\000l\000d\000o\000u\000t\000\040\000a\000c\000c\000u\000r\000a\000c\000y\000\040\000a\000n\000d\000\040\000s\000e\000l\000e\000c\000t\000e\000d\000-\000d\000e\000c\000i\000s\000i\000o\000n\000\040\000f\000i\000d\000e\000l\000i\000t\000y}{section.6.5}% 140
\BOOKMARK [2][-]{subsection.6.5.3}{\376\377\000D\000e\000c\000i\000s\000i\000o\000n\000\040\000q\000u\000a\000l\000i\000t\000y\000\040\000u\000n\000d\000e\000r\000\040\000d\000e\000c\000l\000a\000r\000e\000d\000\040\000p\000r\000i\000o\000r\000i\000t\000i\000e\000s}{section.6.5}% 141
\BOOKMARK [2][-]{subsection.6.5.4}{\376\377\000C\000o\000m\000p\000u\000t\000a\000t\000i\000o\000n\000a\000l\000\040\000p\000e\000r\000f\000o\000r\000m\000a\000n\000c\000e\000\040\000a\000n\000d\000\040\000o\000p\000e\000r\000a\000t\000i\000n\000g\000\040\000a\000s\000s\000e\000s\000s\000m\000e\000n\000t}{section.6.5}% 142
\BOOKMARK [2][-]{subsection.6.5.5}{\376\377\000D\000a\000t\000a\000\040\000A\000v\000a\000i\000l\000a\000b\000i\000l\000i\000t\000y}{section.6.5}% 143
\BOOKMARK [0][-]{chapter.7}{\376\377\000C\000o\000n\000c\000l\000u\000s\000i\000o\000n\000\040\000a\000n\000d\000\040\000O\000u\000t\000l\000o\000o\000k}{}% 144
\BOOKMARK [1][-]{section.7.1}{\376\377\000S\000y\000n\000t\000h\000e\000s\000i\000s\000\040\000o\000f\000\040\000t\000h\000e\000\040\000r\000e\000s\000e\000a\000r\000c\000h\000\040\000f\000i\000n\000d\000i\000n\000g\000s}{chapter.7}% 145
\BOOKMARK [2][-]{subsection.7.1.1}{\376\377\000C\000o\000m\000p\000l\000e\000t\000e\000\040\000r\000e\000a\000c\000t\000o\000r\000\040\000p\000r\000e\000d\000i\000c\000t\000i\000o\000n\000\040\000a\000n\000d\000\040\000d\000a\000t\000a\000\040\000a\000v\000a\000i\000l\000a\000b\000i\000l\000i\000t\000y}{section.7.1}% 146
\BOOKMARK [2][-]{subsection.7.1.2}{\376\377\000P\000h\000y\000s\000i\000c\000a\000l\000\040\000e\000n\000f\000o\000r\000c\000e\000m\000e\000n\000t\000\040\000a\000n\000d\000\040\000i\000t\000s\000\040\000c\000o\000n\000s\000e\000q\000u\000e\000n\000c\000e\000s}{section.7.1}% 147
\BOOKMARK [2][-]{subsection.7.1.3}{\376\377\000I\000n\000t\000e\000r\000p\000r\000e\000t\000a\000t\000i\000o\000n\000\040\000o\000f\000\040\000t\000h\000e\000\040\000c\000o\000m\000p\000l\000e\000t\000e\000\040\000r\000e\000g\000r\000e\000s\000s\000i\000o\000n\000\040\000r\000e\000s\000p\000o\000n\000s\000e}{section.7.1}% 148
\BOOKMARK [2][-]{subsection.7.1.4}{\376\377\000C\000o\000n\000n\000e\000c\000t\000e\000d\000\040\000p\000r\000e\000d\000i\000c\000t\000i\000o\000n\000\040\000a\000n\000d\000\040\000o\000p\000e\000r\000a\000t\000i\000n\000g\000\040\000d\000e\000c\000i\000s\000i\000o\000n\000s}{section.7.1}% 149
\BOOKMARK [1][-]{section.7.2}{\376\377\000C\000o\000n\000t\000r\000i\000b\000u\000t\000i\000o\000n\000s\000\040\000a\000n\000d\000\040\000g\000a\000p\000s\000\040\000a\000d\000d\000r\000e\000s\000s\000e\000d}{chapter.7}% 150
\BOOKMARK [1][-]{section.7.3}{\376\377\000P\000r\000a\000c\000t\000i\000c\000a\000l\000\040\000i\000m\000p\000l\000i\000c\000a\000t\000i\000o\000n\000s}{chapter.7}% 151
\BOOKMARK [2][-]{subsection.7.3.1}{\376\377\000T\000r\000e\000a\000t\000m\000e\000n\000t\000\040\000a\000n\000d\000\040\000r\000e\000s\000o\000u\000r\000c\000e\000\040\000p\000r\000i\000o\000r\000i\000t\000i\000e\000s}{section.7.3}% 152
\BOOKMARK [2][-]{subsection.7.3.2}{\376\377\000A\000\040\000v\000e\000r\000i\000f\000i\000e\000d\000\040\000d\000e\000c\000i\000s\000i\000o\000n\000\040\000w\000o\000r\000k\000f\000l\000o\000w}{section.7.3}% 153
\BOOKMARK [2][-]{subsection.7.3.3}{\376\377\000C\000o\000m\000p\000u\000t\000a\000t\000i\000o\000n\000a\000l\000\040\000v\000a\000l\000u\000e}{section.7.3}% 154
\BOOKMARK [1][-]{section.7.4}{\376\377\000D\000i\000r\000e\000c\000t\000i\000o\000n\000s\000\040\000f\000o\000r\000\040\000f\000u\000t\000u\000r\000e\000\040\000r\000e\000s\000e\000a\000r\000c\000h}{chapter.7}% 155
\BOOKMARK [2][-]{subsection.7.4.1}{\376\377\000A\000d\000a\000p\000t\000i\000v\000e\000\040\000s\000a\000m\000p\000l\000i\000n\000g\000\040\000a\000r\000o\000u\000n\000d\000\040\000o\000p\000e\000r\000a\000t\000i\000n\000g\000\040\000d\000e\000c\000i\000s\000i\000o\000n\000s}{section.7.4}% 156
\BOOKMARK [2][-]{subsection.7.4.2}{\376\377\000P\000r\000o\000j\000e\000c\000t\000i\000o\000n\000\040\000a\000l\000i\000g\000n\000e\000d\000\040\000w\000i\000t\000h\000\040\000t\000r\000e\000a\000t\000m\000e\000n\000t\000\040\000p\000r\000i\000o\000r\000i\000t\000i\000e\000s}{section.7.4}% 157
\BOOKMARK [2][-]{subsection.7.4.3}{\376\377\000U\000n\000c\000e\000r\000t\000a\000i\000n\000t\000y\000-\000a\000w\000a\000r\000e\000\040\000p\000r\000e\000d\000i\000c\000t\000i\000o\000n\000\040\000a\000n\000d\000\040\000o\000p\000e\000r\000a\000t\000i\000n\000g\000\040\000s\000a\000f\000e\000g\000u\000a\000r\000d\000s}{section.7.4}% 158
\BOOKMARK [2][-]{subsection.7.4.4}{\376\377\000S\000t\000a\000b\000l\000e\000\040\000i\000n\000t\000e\000r\000p\000r\000e\000t\000a\000t\000i\000o\000n\000\040\000o\000f\000\040\000t\000h\000e\000\040\000c\000o\000m\000p\000l\000e\000t\000e\000\040\000r\000e\000s\000p\000o\000n\000s\000e}{section.7.4}% 159
\BOOKMARK [2][-]{subsection.7.4.5}{\376\377\000D\000y\000n\000a\000m\000i\000c\000\040\000p\000r\000e\000d\000i\000c\000t\000i\000o\000n\000\040\000a\000n\000d\000\040\000c\000o\000n\000t\000r\000o\000l}{section.7.4}% 160
\BOOKMARK [2][-]{subsection.7.4.6}{\376\377\000P\000l\000a\000n\000t\000\040\000v\000a\000l\000i\000d\000a\000t\000i\000o\000n\000,\000\040\000t\000o\000p\000o\000l\000o\000g\000y\000,\000\040\000a\000n\000d\000\040\000r\000e\000s\000o\000u\000r\000c\000e\000\040\000m\000o\000d\000e\000l\000s}{section.7.4}% 161
\BOOKMARK [1][-]{section.7.5}{\376\377\000C\000o\000n\000c\000l\000u\000d\000i\000n\000g\000\040\000p\000e\000r\000s\000p\000e\000c\000t\000i\000v\000e}{chapter.7}% 162
\BOOKMARK [0][-]{chapter*.154}{\376\377\000A\000b\000o\000u\000t\000\040\000t\000h\000e\000\040\000A\000u\000t\000h\000o\000r}{}% 163
\BOOKMARK [0][-]{chapter*.155}{\376\377\000L\000i\000s\000t\000\040\000o\000f\000\040\000P\000u\000b\000l\000i\000c\000a\000t\000i\000o\000n\000s\000\040\000a\000n\000d\000\040\000P\000r\000e\000s\000e\000n\000t\000a\000t\000i\000o\000n\000s}{}% 164
