This is pdfTeX, Version 3.141592653-2.6-1.40.28 (TeX Live 2025) (preloaded format=pdflatex 2026.1.15)  8 OCT 2026 07:15
entering extended mode
 restricted \write18 enabled.
 file:line:error style messages enabled.
 %&-line parsing enabled.
**c:/Users/eggy/Repos/dissertation-compilation/article/manuscript.tex
(c:/Users/eggy/Repos/dissertation-compilation/article/manuscript.tex
LaTeX2e <2025-11-01>
L3 programming layer <2025-12-29>
(c:/texlive/2025/texmf-dist/tex/latex/base/book.cls
Document Class: book 2025/01/22 v1.4n Standard LaTeX document class
(c:/texlive/2025/texmf-dist/tex/latex/base/bk12.clo
File: bk12.clo 2025/01/22 v1.4n Standard LaTeX file (size option)
)
\c@part=\count275
\c@chapter=\count276
\c@section=\count277
\c@subsection=\count278
\c@subsubsection=\count279
\c@paragraph=\count280
\c@subparagraph=\count281
\c@figure=\count282
\c@table=\count283
\abovecaptionskip=\skip49
\belowcaptionskip=\skip50
\bibindent=\dimen148
) (c:/texlive/2025/texmf-dist/tex/latex/geometry/geometry.sty
Package: geometry 2020/01/02 v5.9 Page Geometry
 (c:/texlive/2025/texmf-dist/tex/latex/graphics/keyval.sty
Package: keyval 2022/05/29 v1.15 key=value parser (DPC)
\KV@toks@=\toks17
) (c:/texlive/2025/texmf-dist/tex/generic/iftex/ifvtex.sty
Package: ifvtex 2019/10/25 v1.7 ifvtex legacy package. Use iftex instead.
 (c:/texlive/2025/texmf-dist/tex/generic/iftex/iftex.sty
Package: iftex 2024/12/12 v1.0g TeX engine tests
))
\Gm@cnth=\count284
\Gm@cntv=\count285
\c@Gm@tempcnt=\count286
\Gm@bindingoffset=\dimen149
\Gm@wd@mp=\dimen150
\Gm@odd@mp=\dimen151
\Gm@even@mp=\dimen152
\Gm@layoutwidth=\dimen153
\Gm@layoutheight=\dimen154
\Gm@layouthoffset=\dimen155
\Gm@layoutvoffset=\dimen156
\Gm@dimlist=\toks18
) (c:/texlive/2025/texmf-dist/tex/generic/babel/babel.sty
Package: babel 2025/12/30 v25.18 The multilingual framework for LuaLaTeX, pdfLaTeX and XeLaTeX
\babel@savecnt=\count287
LaTeX Encoding Info:    Redeclaring text command \ij (encoding OT1) on input line 2068.
LaTeX Encoding Info:    Redeclaring text command \IJ (encoding OT1) on input line 2070.
LaTeX Encoding Info:    Redeclaring text command \ij (encoding T1) on input line 2072.
LaTeX Encoding Info:    Redeclaring text command \IJ (encoding T1) on input line 2073.
LaTeX Encoding Info:    Ignoring declaration for text command \ij (encoding ?) on input line 2074.
LaTeX Encoding Info:    Ignoring declaration for text command \IJ (encoding ?) on input line 2076.
LaTeX Encoding Info:    Ignoring declaration for text command \SS (encoding ?) on input line 2101.
\U@D=\dimen157
\l@unhyphenated=\language90
 (c:/texlive/2025/texmf-dist/tex/generic/babel/txtbabel.def)
\bbl@readstream=\read2
\bbl@dirlevel=\count288
 (c:/texlive/2025/texmf-dist/tex/generic/babel/locale/en/babel-english.tex)
Package babel Info: Importing font and identification data for english
(babel)             from babel-en.ini. Reported on input line 4321.
 (c:/texlive/2025/texmf-dist/tex/generic/babel-english/english.ldf
Language: english 2017/06/06 v3.3r English support from the babel system
Package babel Info: Hyphen rules for 'canadian' set to \l@english
(babel)             (\language0). Reported on input line 102.
Package babel Info: Hyphen rules for 'australian' set to \l@ukenglish
(babel)             (\language22). Reported on input line 105.
Package babel Info: Hyphen rules for 'newzealand' set to \l@ukenglish
(babel)             (\language22). Reported on input line 108.
)) (c:/texlive/2025/texmf-dist/tex/latex/base/inputenc.sty
Package: inputenc 2024/02/08 v1.3d Input encoding file
\inpenc@prehook=\toks19
\inpenc@posthook=\toks20
) (c:/texlive/2025/texmf-dist/tex/latex/base/fontenc.sty
Package: fontenc 2025/07/18 v2.1d Standard LaTeX package
) (c:/texlive/2025/texmf-dist/tex/latex/lm/lmodern.sty
Package: lmodern 2015/05/01 v1.6.1 Latin Modern Fonts
LaTeX Font Info:    Overwriting symbol font `operators' in version `normal'
(Font)                  OT1/cmr/m/n --> OT1/lmr/m/n on input line 22.
LaTeX Font Info:    Overwriting symbol font `letters' in version `normal'
(Font)                  OML/cmm/m/it --> OML/lmm/m/it on input line 23.
LaTeX Font Info:    Overwriting symbol font `symbols' in version `normal'
(Font)                  OMS/cmsy/m/n --> OMS/lmsy/m/n on input line 24.
LaTeX Font Info:    Overwriting symbol font `largesymbols' in version `normal'
(Font)                  OMX/cmex/m/n --> OMX/lmex/m/n on input line 25.
LaTeX Font Info:    Overwriting symbol font `operators' in version `bold'
(Font)                  OT1/cmr/bx/n --> OT1/lmr/bx/n on input line 26.
LaTeX Font Info:    Overwriting symbol font `letters' in version `bold'
(Font)                  OML/cmm/b/it --> OML/lmm/b/it on input line 27.
LaTeX Font Info:    Overwriting symbol font `symbols' in version `bold'
(Font)                  OMS/cmsy/b/n --> OMS/lmsy/b/n on input line 28.
LaTeX Font Info:    Overwriting symbol font `largesymbols' in version `bold'
(Font)                  OMX/cmex/m/n --> OMX/lmex/m/n on input line 29.
LaTeX Font Info:    Overwriting math alphabet `\mathbf' in version `normal'
(Font)                  OT1/cmr/bx/n --> OT1/lmr/bx/n on input line 31.
LaTeX Font Info:    Overwriting math alphabet `\mathsf' in version `normal'
(Font)                  OT1/cmss/m/n --> OT1/lmss/m/n on input line 32.
LaTeX Font Info:    Overwriting math alphabet `\mathit' in version `normal'
(Font)                  OT1/cmr/m/it --> OT1/lmr/m/it on input line 33.
LaTeX Font Info:    Overwriting math alphabet `\mathtt' in version `normal'
(Font)                  OT1/cmtt/m/n --> OT1/lmtt/m/n on input line 34.
LaTeX Font Info:    Overwriting math alphabet `\mathbf' in version `bold'
(Font)                  OT1/cmr/bx/n --> OT1/lmr/bx/n on input line 35.
LaTeX Font Info:    Overwriting math alphabet `\mathsf' in version `bold'
(Font)                  OT1/cmss/bx/n --> OT1/lmss/bx/n on input line 36.
LaTeX Font Info:    Overwriting math alphabet `\mathit' in version `bold'
(Font)                  OT1/cmr/bx/it --> OT1/lmr/bx/it on input line 37.
LaTeX Font Info:    Overwriting math alphabet `\mathtt' in version `bold'
(Font)                  OT1/cmtt/m/n --> OT1/lmtt/m/n on input line 38.
) (c:/texlive/2025/texmf-dist/tex/latex/microtype/microtype.sty
Package: microtype 2025/07/09 v3.2b Micro-typographical refinements (RS)
 (c:/texlive/2025/texmf-dist/tex/latex/etoolbox/etoolbox.sty
Package: etoolbox 2025/10/02 v2.5m e-TeX tools for LaTeX (JAW)
\etb@tempcnta=\count289
)
\MT@toks=\toks21
\MT@tempbox=\box53
\MT@count=\count290
LaTeX Info: Redefining \noprotrusionifhmode on input line 1087.
LaTeX Info: Redefining \leftprotrusion on input line 1088.
\MT@prot@toks=\toks22
LaTeX Info: Redefining \rightprotrusion on input line 1107.
LaTeX Info: Redefining \textls on input line 1449.
\MT@outer@kern=\dimen158
LaTeX Info: Redefining \microtypecontext on input line 2053.
LaTeX Info: Redefining \textmicrotypecontext on input line 2070.
\MT@listname@count=\count291
 (c:/texlive/2025/texmf-dist/tex/latex/microtype/microtype-pdftex.def
File: microtype-pdftex.def 2025/07/09 v3.2b Definitions specific to pdftex (RS)
LaTeX Info: Redefining \lsstyle on input line 944.
LaTeX Info: Redefining \lslig on input line 944.
\MT@outer@space=\skip51
)
Package microtype Info: Loading configuration file microtype.cfg.
 (c:/texlive/2025/texmf-dist/tex/latex/microtype/microtype.cfg
File: microtype.cfg 2025/07/09 v3.2b microtype main configuration file (RS)
)
LaTeX Info: Redefining \microtypesetup on input line 3065.
) (c:/texlive/2025/texmf-dist/tex/latex/tools/indentfirst.sty
Package: indentfirst 2023/07/02 v1.03 Indent first paragraph (DPC)
) (c:/texlive/2025/texmf-dist/tex/latex/amsmath/amsmath.sty
Package: amsmath 2025/07/09 v2.17z AMS math features
\@mathmargin=\skip52

For additional information on amsmath, use the `?' option.
(c:/texlive/2025/texmf-dist/tex/latex/amsmath/amstext.sty
Package: amstext 2024/11/17 v2.01 AMS text
 (c:/texlive/2025/texmf-dist/tex/latex/amsmath/amsgen.sty
File: amsgen.sty 1999/11/30 v2.0 generic functions
\@emptytoks=\toks23
\ex@=\dimen159
)) (c:/texlive/2025/texmf-dist/tex/latex/amsmath/amsbsy.sty
Package: amsbsy 1999/11/29 v1.2d Bold Symbols
\pmbraise@=\dimen160
) (c:/texlive/2025/texmf-dist/tex/latex/amsmath/amsopn.sty
Package: amsopn 2022/04/08 v2.04 operator names
)
\inf@bad=\count292
LaTeX Info: Redefining \frac on input line 233.
\uproot@=\count293
\leftroot@=\count294
LaTeX Info: Redefining \overline on input line 398.
LaTeX Info: Redefining \colon on input line 409.
\classnum@=\count295
\DOTSCASE@=\count296
LaTeX Info: Redefining \ldots on input line 495.
LaTeX Info: Redefining \dots on input line 498.
LaTeX Info: Redefining \cdots on input line 619.
\Mathstrutbox@=\box54
\strutbox@=\box55
LaTeX Info: Redefining \big on input line 721.
LaTeX Info: Redefining \Big on input line 722.
LaTeX Info: Redefining \bigg on input line 723.
LaTeX Info: Redefining \Bigg on input line 724.
\big@size=\dimen161
LaTeX Font Info:    Redeclaring font encoding OML on input line 742.
LaTeX Font Info:    Redeclaring font encoding OMS on input line 743.
\macc@depth=\count297
LaTeX Info: Redefining \bmod on input line 904.
LaTeX Info: Redefining \pmod on input line 909.
LaTeX Info: Redefining \smash on input line 939.
LaTeX Info: Redefining \relbar on input line 969.
LaTeX Info: Redefining \Relbar on input line 970.
\c@MaxMatrixCols=\count298
\dotsspace@=\muskip17
\c@parentequation=\count299
\dspbrk@lvl=\count300
\tag@help=\toks24
\row@=\count301
\column@=\count302
\maxfields@=\count303
\andhelp@=\toks25
\eqnshift@=\dimen162
\alignsep@=\dimen163
\tagshift@=\dimen164
\tagwidth@=\dimen165
\totwidth@=\dimen166
\lineht@=\dimen167
\@envbody=\toks26
\multlinegap=\skip53
\multlinetaggap=\skip54
\mathdisplay@stack=\toks27
LaTeX Info: Redefining \[ on input line 2950.
LaTeX Info: Redefining \] on input line 2951.
) (c:/texlive/2025/texmf-dist/tex/latex/amsfonts/amssymb.sty
Package: amssymb 2013/01/14 v3.01 AMS font symbols
 (c:/texlive/2025/texmf-dist/tex/latex/amsfonts/amsfonts.sty
Package: amsfonts 2013/01/14 v3.01 Basic AMSFonts support
\symAMSa=\mathgroup4
\symAMSb=\mathgroup5
LaTeX Font Info:    Redeclaring math symbol \hbar on input line 98.
LaTeX Font Info:    Overwriting math alphabet `\mathfrak' in version `bold'
(Font)                  U/euf/m/n --> U/euf/b/n on input line 106.
)) (c:/texlive/2025/texmf-dist/tex/latex/tools/bm.sty
Package: bm 2025/10/21 v1.2g Bold Symbol Support (DPC/FMi)
\symboldoperators=\mathgroup6
\symboldletters=\mathgroup7
\symboldsymbols=\mathgroup8
Package bm Info: No bold for \OMX/lmex/m/n, using \pmb.
Package bm Info: No bold for \U/msa/m/n, using \pmb.
Package bm Info: No bold for \U/msb/m/n, using \pmb.
LaTeX Font Info:    Redeclaring math alphabet \mathbf on input line 149.
) (c:/texlive/2025/texmf-dist/tex/latex/tools/array.sty
Package: array 2025/09/25 v2.6n Tabular extension package (FMi)
\col@sep=\dimen168
\ar@mcellbox=\box56
\extrarowheight=\dimen169
\NC@list=\toks28
\extratabsurround=\skip55
\backup@length=\skip56
\ar@cellbox=\box57
) (c:/texlive/2025/texmf-dist/tex/latex/booktabs/booktabs.sty
Package: booktabs 2020/01/12 v1.61803398 Publication quality tables
\heavyrulewidth=\dimen170
\lightrulewidth=\dimen171
\cmidrulewidth=\dimen172
\belowrulesep=\dimen173
\belowbottomsep=\dimen174
\aboverulesep=\dimen175
\abovetopsep=\dimen176
\cmidrulesep=\dimen177
\cmidrulekern=\dimen178
\defaultaddspace=\dimen179
\@cmidla=\count304
\@cmidlb=\count305
\@aboverulesep=\dimen180
\@belowrulesep=\dimen181
\@thisruleclass=\count306
\@lastruleclass=\count307
\@thisrulewidth=\dimen182
) (c:/texlive/2025/texmf-dist/tex/latex/tools/longtable.sty
Package: longtable 2025-10-13 v4.24 Multi-page Table package (DPC)
\LTleft=\skip57
\LTright=\skip58
\LTpre=\skip59
\LTpost=\skip60
\LTchunksize=\count308
\LTcapwidth=\dimen183
\LT@head=\box58
\LT@firsthead=\box59
\LT@foot=\box60
\LT@lastfoot=\box61
\LT@gbox=\box62
\LT@cols=\count309
\LT@rows=\count310
\c@LT@tables=\count311
\c@LT@chunks=\count312
\LT@p@ftn=\toks29
) (c:/texlive/2025/texmf-dist/tex/latex/multirow/multirow.sty
Package: multirow 2024/11/12 v2.9 Span multiple rows of a table
\multirow@colwidth=\skip61
\multirow@cntb=\count313
\multirow@dima=\skip62
\bigstrutjot=\dimen184
) (c:/texlive/2025/texmf-dist/tex/latex/graphics/graphicx.sty
Package: graphicx 2024/12/31 v1.2e Enhanced LaTeX Graphics (DPC,SPQR)
 (c:/texlive/2025/texmf-dist/tex/latex/graphics/graphics.sty
Package: graphics 2024/08/06 v1.4g Standard LaTeX Graphics (DPC,SPQR)
 (c:/texlive/2025/texmf-dist/tex/latex/graphics/trig.sty
Package: trig 2023/12/02 v1.11 sin cos tan (DPC)
) (c:/texlive/2025/texmf-dist/tex/latex/graphics-cfg/graphics.cfg
File: graphics.cfg 2016/06/04 v1.11 sample graphics configuration
)
Package graphics Info: Driver file: pdftex.def on input line 106.
 (c:/texlive/2025/texmf-dist/tex/latex/graphics-def/pdftex.def
File: pdftex.def 2025/09/29 v1.2d Graphics/color driver for pdftex
))
\Gin@req@height=\dimen185
\Gin@req@width=\dimen186
) (c:/texlive/2025/texmf-dist/tex/latex/float/float.sty
Package: float 2001/11/08 v1.3d Float enhancements (AL)
\c@float@type=\count314
\float@exts=\toks30
\float@box=\box63
\@float@everytoks=\toks31
\@floatcapt=\box64
) (c:/texlive/2025/texmf-dist/tex/latex/caption/caption.sty
Package: caption 2023/08/05 v3.6o Customizing captions (AR)
 (c:/texlive/2025/texmf-dist/tex/latex/caption/caption3.sty
Package: caption3 2023/07/31 v2.4d caption3 kernel (AR)
\caption@tempdima=\dimen187
\captionmargin=\dimen188
\caption@leftmargin=\dimen189
\caption@rightmargin=\dimen190
\caption@width=\dimen191
\caption@indent=\dimen192
\caption@parindent=\dimen193
\caption@hangindent=\dimen194
Package caption Info: Standard document class detected.
)
\c@caption@flags=\count315
\c@continuedfloat=\count316
Package caption Info: float package is loaded.
Package caption Info: longtable package is loaded.
 (c:/texlive/2025/texmf-dist/tex/latex/caption/ltcaption.sty
Package: ltcaption 2021/01/08 v1.4c longtable captions (AR)
)) (c:/texlive/2025/texmf-dist/tex/latex/pgf/frontendlayer/tikz.sty (c:/texlive/2025/texmf-dist/tex/latex/pgf/basiclayer/pgf.sty (c:/texlive/2025/texmf-dist/tex/latex/pgf/utilities/pgfrcs.sty (c:/texlive/2025/texmf-dist/tex/generic/pgf/utilities/pgfutil-common.tex
\pgfutil@everybye=\toks32
\pgfutil@tempdima=\dimen195
\pgfutil@tempdimb=\dimen196
) (c:/texlive/2025/texmf-dist/tex/generic/pgf/utilities/pgfutil-latex.def
\pgfutil@abb=\box65
) (c:/texlive/2025/texmf-dist/tex/generic/pgf/utilities/pgfrcs.code.tex (c:/texlive/2025/texmf-dist/tex/generic/pgf/pgf.revision.tex)
Package: pgfrcs 2025-08-29 v3.1.11a (3.1.11a)
))
Package: pgf 2025-08-29 v3.1.11a (3.1.11a)
 (c:/texlive/2025/texmf-dist/tex/latex/pgf/basiclayer/pgfcore.sty (c:/texlive/2025/texmf-dist/tex/latex/pgf/systemlayer/pgfsys.sty (c:/texlive/2025/texmf-dist/tex/generic/pgf/systemlayer/pgfsys.code.tex
Package: pgfsys 2025-08-29 v3.1.11a (3.1.11a)
 (c:/texlive/2025/texmf-dist/tex/generic/pgf/utilities/pgfkeys.code.tex
\pgfkeys@pathtoks=\toks33
\pgfkeys@temptoks=\toks34
 (c:/texlive/2025/texmf-dist/tex/generic/pgf/utilities/pgfkeyslibraryfiltered.code.tex
\pgfkeys@tmptoks=\toks35
))
\pgf@x=\dimen197
\pgf@y=\dimen198
\pgf@xa=\dimen199
\pgf@ya=\dimen256
\pgf@xb=\dimen257
\pgf@yb=\dimen258
\pgf@xc=\dimen259
\pgf@yc=\dimen260
\pgf@xd=\dimen261
\pgf@yd=\dimen262
\w@pgf@writea=\write3
\r@pgf@reada=\read3
\c@pgf@counta=\count317
\c@pgf@countb=\count318
\c@pgf@countc=\count319
\c@pgf@countd=\count320
\t@pgf@toka=\toks36
\t@pgf@tokb=\toks37
\t@pgf@tokc=\toks38
\pgf@sys@id@count=\count321
 (c:/texlive/2025/texmf-dist/tex/generic/pgf/systemlayer/pgf.cfg
File: pgf.cfg 2025-08-29 v3.1.11a (3.1.11a)
)
Driver file for pgf: pgfsys-pdftex.def
 (c:/texlive/2025/texmf-dist/tex/generic/pgf/systemlayer/pgfsys-pdftex.def
File: pgfsys-pdftex.def 2025-08-29 v3.1.11a (3.1.11a)
 (c:/texlive/2025/texmf-dist/tex/generic/pgf/systemlayer/pgfsys-common-pdf.def
File: pgfsys-common-pdf.def 2025-08-29 v3.1.11a (3.1.11a)
))) (c:/texlive/2025/texmf-dist/tex/generic/pgf/systemlayer/pgfsyssoftpath.code.tex
File: pgfsyssoftpath.code.tex 2025-08-29 v3.1.11a (3.1.11a)
\pgfsyssoftpath@smallbuffer@items=\count322
\pgfsyssoftpath@bigbuffer@items=\count323
) (c:/texlive/2025/texmf-dist/tex/generic/pgf/systemlayer/pgfsysprotocol.code.tex
File: pgfsysprotocol.code.tex 2025-08-29 v3.1.11a (3.1.11a)
)) (c:/texlive/2025/texmf-dist/tex/latex/xcolor/xcolor.sty
Package: xcolor 2024/09/29 v3.02 LaTeX color extensions (UK)
 (c:/texlive/2025/texmf-dist/tex/latex/graphics-cfg/color.cfg
File: color.cfg 2016/01/02 v1.6 sample color configuration
)
Package xcolor Info: Driver file: pdftex.def on input line 274.
 (c:/texlive/2025/texmf-dist/tex/latex/graphics/mathcolor.ltx)
Package xcolor Info: Model `cmy' substituted by `cmy0' on input line 1349.
Package xcolor Info: Model `hsb' substituted by `rgb' on input line 1353.
Package xcolor Info: Model `RGB' extended on input line 1365.
Package xcolor Info: Model `HTML' substituted by `rgb' on input line 1367.
Package xcolor Info: Model `Hsb' substituted by `hsb' on input line 1368.
Package xcolor Info: Model `tHsb' substituted by `hsb' on input line 1369.
Package xcolor Info: Model `HSB' substituted by `hsb' on input line 1370.
Package xcolor Info: Model `Gray' substituted by `gray' on input line 1371.
Package xcolor Info: Model `wave' substituted by `hsb' on input line 1372.
) (c:/texlive/2025/texmf-dist/tex/generic/pgf/basiclayer/pgfcore.code.tex
Package: pgfcore 2025-08-29 v3.1.11a (3.1.11a)
 (c:/texlive/2025/texmf-dist/tex/generic/pgf/math/pgfmath.code.tex (c:/texlive/2025/texmf-dist/tex/generic/pgf/math/pgfmathutil.code.tex) (c:/texlive/2025/texmf-dist/tex/generic/pgf/math/pgfmathparser.code.tex
\pgfmath@dimen=\dimen263
\pgfmath@count=\count324
\pgfmath@box=\box66
\pgfmath@toks=\toks39
\pgfmath@stack@operand=\toks40
\pgfmath@stack@operation=\toks41
) (c:/texlive/2025/texmf-dist/tex/generic/pgf/math/pgfmathfunctions.code.tex) (c:/texlive/2025/texmf-dist/tex/generic/pgf/math/pgfmathfunctions.basic.code.tex) (c:/texlive/2025/texmf-dist/tex/generic/pgf/math/pgfmathfunctions.trigonometric.code.tex) (c:/texlive/2025/texmf-dist/tex/generic/pgf/math/pgfmathfunctions.random.code.tex) (c:/texlive/2025/texmf-dist/tex/generic/pgf/math/pgfmathfunctions.comparison.code.tex) (c:/texlive/2025/texmf-dist/tex/generic/pgf/math/pgfmathfunctions.base.code.tex) (c:/texlive/2025/texmf-dist/tex/generic/pgf/math/pgfmathfunctions.round.code.tex) (c:/texlive/2025/texmf-dist/tex/generic/pgf/math/pgfmathfunctions.misc.code.tex) (c:/texlive/2025/texmf-dist/tex/generic/pgf/math/pgfmathfunctions.integerarithmetics.code.tex) (c:/texlive/2025/texmf-dist/tex/generic/pgf/math/pgfmathcalc.code.tex) (c:/texlive/2025/texmf-dist/tex/generic/pgf/math/pgfmathfloat.code.tex
\c@pgfmathroundto@lastzeros=\count325
)) (c:/texlive/2025/texmf-dist/tex/generic/pgf/math/pgfint.code.tex) (c:/texlive/2025/texmf-dist/tex/generic/pgf/basiclayer/pgfcorepoints.code.tex
File: pgfcorepoints.code.tex 2025-08-29 v3.1.11a (3.1.11a)
\pgf@picminx=\dimen264
\pgf@picmaxx=\dimen265
\pgf@picminy=\dimen266
\pgf@picmaxy=\dimen267
\pgf@pathminx=\dimen268
\pgf@pathmaxx=\dimen269
\pgf@pathminy=\dimen270
\pgf@pathmaxy=\dimen271
\pgf@xx=\dimen272
\pgf@xy=\dimen273
\pgf@yx=\dimen274
\pgf@yy=\dimen275
\pgf@zx=\dimen276
\pgf@zy=\dimen277
) (c:/texlive/2025/texmf-dist/tex/generic/pgf/basiclayer/pgfcorepathconstruct.code.tex
File: pgfcorepathconstruct.code.tex 2025-08-29 v3.1.11a (3.1.11a)
\pgf@path@lastx=\dimen278
\pgf@path@lasty=\dimen279
) (c:/texlive/2025/texmf-dist/tex/generic/pgf/basiclayer/pgfcorepathusage.code.tex
File: pgfcorepathusage.code.tex 2025-08-29 v3.1.11a (3.1.11a)
\pgf@shorten@end@additional=\dimen280
\pgf@shorten@start@additional=\dimen281
) (c:/texlive/2025/texmf-dist/tex/generic/pgf/basiclayer/pgfcorescopes.code.tex
File: pgfcorescopes.code.tex 2025-08-29 v3.1.11a (3.1.11a)
\pgfpic=\box67
\pgf@hbox=\box68
\pgf@layerbox@main=\box69
\pgf@picture@serial@count=\count326
) (c:/texlive/2025/texmf-dist/tex/generic/pgf/basiclayer/pgfcoregraphicstate.code.tex
File: pgfcoregraphicstate.code.tex 2025-08-29 v3.1.11a (3.1.11a)
\pgflinewidth=\dimen282
) (c:/texlive/2025/texmf-dist/tex/generic/pgf/basiclayer/pgfcoretransformations.code.tex
File: pgfcoretransformations.code.tex 2025-08-29 v3.1.11a (3.1.11a)
\pgf@pt@x=\dimen283
\pgf@pt@y=\dimen284
\pgf@pt@temp=\dimen285
) (c:/texlive/2025/texmf-dist/tex/generic/pgf/basiclayer/pgfcorequick.code.tex
File: pgfcorequick.code.tex 2025-08-29 v3.1.11a (3.1.11a)
) (c:/texlive/2025/texmf-dist/tex/generic/pgf/basiclayer/pgfcoreobjects.code.tex
File: pgfcoreobjects.code.tex 2025-08-29 v3.1.11a (3.1.11a)
) (c:/texlive/2025/texmf-dist/tex/generic/pgf/basiclayer/pgfcorepathprocessing.code.tex
File: pgfcorepathprocessing.code.tex 2025-08-29 v3.1.11a (3.1.11a)
) (c:/texlive/2025/texmf-dist/tex/generic/pgf/basiclayer/pgfcorearrows.code.tex
File: pgfcorearrows.code.tex 2025-08-29 v3.1.11a (3.1.11a)
\pgfarrowsep=\dimen286
) (c:/texlive/2025/texmf-dist/tex/generic/pgf/basiclayer/pgfcoreshade.code.tex
File: pgfcoreshade.code.tex 2025-08-29 v3.1.11a (3.1.11a)
\pgf@max=\dimen287
\pgf@sys@shading@range@num=\count327
\pgf@shadingcount=\count328
) (c:/texlive/2025/texmf-dist/tex/generic/pgf/basiclayer/pgfcoreimage.code.tex
File: pgfcoreimage.code.tex 2025-08-29 v3.1.11a (3.1.11a)
) (c:/texlive/2025/texmf-dist/tex/generic/pgf/basiclayer/pgfcoreexternal.code.tex
File: pgfcoreexternal.code.tex 2025-08-29 v3.1.11a (3.1.11a)
\pgfexternal@startupbox=\box70
) (c:/texlive/2025/texmf-dist/tex/generic/pgf/basiclayer/pgfcorelayers.code.tex
File: pgfcorelayers.code.tex 2025-08-29 v3.1.11a (3.1.11a)
) (c:/texlive/2025/texmf-dist/tex/generic/pgf/basiclayer/pgfcoretransparency.code.tex
File: pgfcoretransparency.code.tex 2025-08-29 v3.1.11a (3.1.11a)
) (c:/texlive/2025/texmf-dist/tex/generic/pgf/basiclayer/pgfcorepatterns.code.tex
File: pgfcorepatterns.code.tex 2025-08-29 v3.1.11a (3.1.11a)
) (c:/texlive/2025/texmf-dist/tex/generic/pgf/basiclayer/pgfcorerdf.code.tex
File: pgfcorerdf.code.tex 2025-08-29 v3.1.11a (3.1.11a)
))) (c:/texlive/2025/texmf-dist/tex/generic/pgf/modules/pgfmoduleshapes.code.tex
File: pgfmoduleshapes.code.tex 2025-08-29 v3.1.11a (3.1.11a)
\pgfnodeparttextbox=\box71
) (c:/texlive/2025/texmf-dist/tex/generic/pgf/modules/pgfmoduleplot.code.tex
File: pgfmoduleplot.code.tex 2025-08-29 v3.1.11a (3.1.11a)
) (c:/texlive/2025/texmf-dist/tex/latex/pgf/compatibility/pgfcomp-version-0-65.sty
Package: pgfcomp-version-0-65 2025-08-29 v3.1.11a (3.1.11a)
\pgf@nodesepstart=\dimen288
\pgf@nodesepend=\dimen289
) (c:/texlive/2025/texmf-dist/tex/latex/pgf/compatibility/pgfcomp-version-1-18.sty
Package: pgfcomp-version-1-18 2025-08-29 v3.1.11a (3.1.11a)
)) (c:/texlive/2025/texmf-dist/tex/latex/pgf/utilities/pgffor.sty (c:/texlive/2025/texmf-dist/tex/latex/pgf/utilities/pgfkeys.sty (c:/texlive/2025/texmf-dist/tex/generic/pgf/utilities/pgfkeys.code.tex)) (c:/texlive/2025/texmf-dist/tex/latex/pgf/math/pgfmath.sty (c:/texlive/2025/texmf-dist/tex/generic/pgf/math/pgfmath.code.tex)) (c:/texlive/2025/texmf-dist/tex/generic/pgf/utilities/pgffor.code.tex
Package: pgffor 2025-08-29 v3.1.11a (3.1.11a)
\pgffor@iter=\dimen290
\pgffor@skip=\dimen291
\pgffor@stack=\toks42
\pgffor@toks=\toks43
)) (c:/texlive/2025/texmf-dist/tex/generic/pgf/frontendlayer/tikz/tikz.code.tex
Package: tikz 2025-08-29 v3.1.11a (3.1.11a)
 (c:/texlive/2025/texmf-dist/tex/generic/pgf/libraries/pgflibraryplothandlers.code.tex
File: pgflibraryplothandlers.code.tex 2025-08-29 v3.1.11a (3.1.11a)
\pgf@plot@mark@count=\count329
\pgfplotmarksize=\dimen292
)
\tikz@lastx=\dimen293
\tikz@lasty=\dimen294
\tikz@lastxsaved=\dimen295
\tikz@lastysaved=\dimen296
\tikz@lastmovetox=\dimen297
\tikz@lastmovetoy=\dimen298
\tikzleveldistance=\dimen299
\tikzsiblingdistance=\dimen300
\tikz@figbox=\box72
\tikz@figbox@bg=\box73
\tikz@tempbox=\box74
\tikz@tempbox@bg=\box75
\tikztreelevel=\count330
\tikznumberofchildren=\count331
\tikznumberofcurrentchild=\count332
\tikz@fig@count=\count333
 (c:/texlive/2025/texmf-dist/tex/generic/pgf/modules/pgfmodulematrix.code.tex
File: pgfmodulematrix.code.tex 2025-08-29 v3.1.11a (3.1.11a)
\pgfmatrixcurrentrow=\count334
\pgfmatrixcurrentcolumn=\count335
\pgf@matrix@numberofcolumns=\count336
)
\tikz@expandcount=\count337
 (c:/texlive/2025/texmf-dist/tex/generic/pgf/frontendlayer/tikz/libraries/tikzlibrarytopaths.code.tex
File: tikzlibrarytopaths.code.tex 2025-08-29 v3.1.11a (3.1.11a)
))) (c:/texlive/2025/texmf-dist/tex/generic/pgf/libraries/pgflibraryarrows.meta.code.tex
File: pgflibraryarrows.meta.code.tex 2025-08-29 v3.1.11a (3.1.11a)
\pgfarrowinset=\dimen301
\pgfarrowlength=\dimen302
\pgfarrowwidth=\dimen303
\pgfarrowlinewidth=\dimen304
) (c:/texlive/2025/texmf-dist/tex/generic/pgf/frontendlayer/tikz/libraries/tikzlibrarypositioning.code.tex
File: tikzlibrarypositioning.code.tex 2025-08-29 v3.1.11a (3.1.11a)
) (c:/texlive/2025/texmf-dist/tex/generic/pgf/frontendlayer/tikz/libraries/tikzlibrarycalc.code.tex
File: tikzlibrarycalc.code.tex 2025-08-29 v3.1.11a (3.1.11a)
) (c:/texlive/2025/texmf-dist/tex/generic/pgf/frontendlayer/tikz/libraries/tikzlibraryshapes.geometric.code.tex
File: tikzlibraryshapes.geometric.code.tex 2025-08-29 v3.1.11a (3.1.11a)
 (c:/texlive/2025/texmf-dist/tex/generic/pgf/libraries/shapes/pgflibraryshapes.geometric.code.tex
File: pgflibraryshapes.geometric.code.tex 2025-08-29 v3.1.11a (3.1.11a)
)) (c:/texlive/2025/texmf-dist/tex/latex/enumitem/enumitem.sty
Package: enumitem 2025/02/06 v3.11 Customized lists
\labelindent=\skip63
\enit@outerparindent=\dimen305
\enit@toks=\toks44
\enit@inbox=\box76
\enit@count@id=\count338
\enitdp@description=\count339
) (c:/texlive/2025/texmf-dist/tex/latex/xurl/xurl.sty
Package: xurl 2022/01/09 v 0.10 modify URL breaks
 (c:/texlive/2025/texmf-dist/tex/latex/url/url.sty
\Urlmuskip=\muskip18
Package: url 2013/09/16  ver 3.4  Verb mode for urls, etc.
)) (c:/texlive/2025/texmf-dist/tex/latex/hyperref/hyperref.sty
Package: hyperref 2025-07-12 v7.01o Hypertext links for LaTeX
 (c:/texlive/2025/texmf-dist/tex/latex/kvsetkeys/kvsetkeys.sty
Package: kvsetkeys 2022-10-05 v1.19 Key value parser (HO)
) (c:/texlive/2025/texmf-dist/tex/generic/kvdefinekeys/kvdefinekeys.sty
Package: kvdefinekeys 2019-12-19 v1.6 Define keys (HO)
) (c:/texlive/2025/texmf-dist/tex/generic/pdfescape/pdfescape.sty
Package: pdfescape 2019/12/09 v1.15 Implements pdfTeX's escape features (HO)
 (c:/texlive/2025/texmf-dist/tex/generic/ltxcmds/ltxcmds.sty
Package: ltxcmds 2023-12-04 v1.26 LaTeX kernel commands for general use (HO)
) (c:/texlive/2025/texmf-dist/tex/generic/pdftexcmds/pdftexcmds.sty
Package: pdftexcmds 2020-06-27 v0.33 Utility functions of pdfTeX for LuaTeX (HO)
 (c:/texlive/2025/texmf-dist/tex/generic/infwarerr/infwarerr.sty
Package: infwarerr 2019/12/03 v1.5 Providing info/warning/error messages (HO)
)
Package pdftexcmds Info: \pdf@primitive is available.
Package pdftexcmds Info: \pdf@ifprimitive is available.
Package pdftexcmds Info: \pdfdraftmode found.
)) (c:/texlive/2025/texmf-dist/tex/latex/hycolor/hycolor.sty
Package: hycolor 2020-01-27 v1.10 Color options for hyperref/bookmark (HO)
) (c:/texlive/2025/texmf-dist/tex/latex/hyperref/nameref.sty
Package: nameref 2025-06-21 v2.57 Cross-referencing by name of section
 (c:/texlive/2025/texmf-dist/tex/latex/refcount/refcount.sty
Package: refcount 2019/12/15 v3.6 Data extraction from label references (HO)
) (c:/texlive/2025/texmf-dist/tex/generic/gettitlestring/gettitlestring.sty
Package: gettitlestring 2019/12/15 v1.6 Cleanup title references (HO)
 (c:/texlive/2025/texmf-dist/tex/latex/kvoptions/kvoptions.sty
Package: kvoptions 2022-06-15 v3.15 Key value format for package options (HO)
))
\c@section@level=\count340
) (c:/texlive/2025/texmf-dist/tex/generic/stringenc/stringenc.sty
Package: stringenc 2019/11/29 v1.12 Convert strings between diff. encodings (HO)
)
\@linkdim=\dimen306
\Hy@linkcounter=\count341
\Hy@pagecounter=\count342
 (c:/texlive/2025/texmf-dist/tex/latex/hyperref/pd1enc.def
File: pd1enc.def 2025-07-12 v7.01o Hyperref: PDFDocEncoding definition (HO)
Now handling font encoding PD1 ...
... no UTF-8 mapping file for font encoding PD1
) (c:/texlive/2025/texmf-dist/tex/generic/intcalc/intcalc.sty
Package: intcalc 2019/12/15 v1.3 Expandable calculations with integers (HO)
)
\Hy@SavedSpaceFactor=\count343
 (c:/texlive/2025/texmf-dist/tex/latex/hyperref/puenc.def
File: puenc.def 2025-07-12 v7.01o Hyperref: PDF Unicode definition (HO)
Now handling font encoding PU ...
... no UTF-8 mapping file for font encoding PU
)
Package hyperref Info: Option `breaklinks' set `true' on input line 4066.
Package hyperref Info: Hyper figures OFF on input line 4195.
Package hyperref Info: Link nesting OFF on input line 4200.
Package hyperref Info: Hyper index ON on input line 4203.
Package hyperref Info: Plain pages OFF on input line 4210.
Package hyperref Info: Backreferencing OFF on input line 4215.
Package hyperref Info: Implicit mode ON; LaTeX internals redefined.
Package hyperref Info: Bookmarks ON on input line 4462.
\c@Hy@tempcnt=\count344
LaTeX Info: Redefining \url on input line 4801.
\XeTeXLinkMargin=\dimen307
 (c:/texlive/2025/texmf-dist/tex/generic/bitset/bitset.sty
Package: bitset 2019/12/09 v1.3 Handle bit-vector datatype (HO)
 (c:/texlive/2025/texmf-dist/tex/generic/bigintcalc/bigintcalc.sty
Package: bigintcalc 2019/12/15 v1.5 Expandable calculations on big integers (HO)
))
\Fld@menulength=\count345
\Field@Width=\dimen308
\Fld@charsize=\dimen309
Package hyperref Info: Hyper figures OFF on input line 6078.
Package hyperref Info: Link nesting OFF on input line 6083.
Package hyperref Info: Hyper index ON on input line 6086.
Package hyperref Info: backreferencing OFF on input line 6093.
Package hyperref Info: Link coloring OFF on input line 6098.
Package hyperref Info: Link coloring with OCG OFF on input line 6103.
Package hyperref Info: PDF/A mode OFF on input line 6108.
\Hy@abspage=\count346
\c@Item=\count347
\c@Hfootnote=\count348
)
Package hyperref Info: Driver (autodetected): hpdftex.
 (c:/texlive/2025/texmf-dist/tex/latex/hyperref/hpdftex.def
File: hpdftex.def 2025-07-12 v7.01o Hyperref driver for pdfTeX
\Fld@listcount=\count349
\c@bookmark@seq@number=\count350
 (c:/texlive/2025/texmf-dist/tex/latex/rerunfilecheck/rerunfilecheck.sty
Package: rerunfilecheck 2025-06-21 v1.11 Rerun checks for auxiliary files (HO)
 (c:/texlive/2025/texmf-dist/tex/generic/uniquecounter/uniquecounter.sty
Package: uniquecounter 2019/12/15 v1.4 Provide unlimited unique counter (HO)
)
Package uniquecounter Info: New unique counter `rerunfilecheck' on input line 284.
)
\Hy@SectionHShift=\skip64
) (c:/texlive/2025/texmf-dist/tex/latex/cleveref/cleveref.sty
Package: cleveref 2018/03/27 v0.21.4 Intelligent cross-referencing
Package cleveref Info: `hyperref' support loaded on input line 2370.
LaTeX Info: Redefining \cref on input line 2370.
LaTeX Info: Redefining \Cref on input line 2370.
LaTeX Info: Redefining \crefrange on input line 2370.
LaTeX Info: Redefining \Crefrange on input line 2370.
LaTeX Info: Redefining \cpageref on input line 2370.
LaTeX Info: Redefining \Cpageref on input line 2370.
LaTeX Info: Redefining \cpagerefrange on input line 2370.
LaTeX Info: Redefining \Cpagerefrange on input line 2370.
LaTeX Info: Redefining \labelcref on input line 2370.
LaTeX Info: Redefining \labelcpageref on input line 2370.
Package cleveref Info: always capitalise cross-reference names on input line 7825.
Package cleveref Info: always capitalise cross-reference names on input line 7852.
)
==> First Aid for cleveref.sty applied!
(c:/texlive/2025/texmf-dist/tex/latex/apacite/apacite.sty
Package: apacite 2013/07/21 v6.03 APA citation
\c@BibCnt=\count351
\bibleftmargin=\skip65
\bibindent=\skip66
\bibparsep=\skip67
\bibitemsep=\skip68
\biblabelsep=\skip69
) (c:/texlive/2025/texmf-dist/tex/latex/natbib/natbib.sty
Package: natbib 2010/09/13 8.31b (PWD, AO)
\bibhang=\skip70
\bibsep=\skip71
LaTeX Info: Redefining \cite on input line 694.
\c@NAT@ctr=\count352
)
LaTeX Info: Redefining \BBA on input line 21.
 (c:/texlive/2025/texmf-dist/tex/latex/csquotes/csquotes.sty
Package: csquotes 2024-04-04 v5.2o context-sensitive quotations (JAW)
\csq@reset=\count353
\csq@gtype=\count354
\csq@glevel=\count355
\csq@qlevel=\count356
\csq@maxlvl=\count357
\csq@tshold=\count358
\csq@ltx@everypar=\toks45
 (c:/texlive/2025/texmf-dist/tex/latex/csquotes/csquotes.def
File: csquotes.def 2024-04-04 v5.2o csquotes generic definitions (JAW)
)
Package csquotes Info: Trying to load configuration file 'csquotes.cfg'...
Package csquotes Info: ... configuration file loaded successfully.
 (c:/texlive/2025/texmf-dist/tex/latex/csquotes/csquotes.cfg
File: csquotes.cfg 
)
Package csquotes Info: Enabling multilingual quotes.
)
Package csquotes Info: Allocating character ".
Package csquotes Info: Checking for multilingual support...
Package csquotes Info: ... found 'babel' package.
LaTeX Font Info:    Trying to load font information for T1+lmr on input line 92.
 (c:/texlive/2025/texmf-dist/tex/latex/lm/t1lmr.fd
File: t1lmr.fd 2015/05/01 v1.6.1 Font defs for Latin Modern
) (c:/texlive/2025/texmf-dist/tex/latex/l3backend/l3backend-pdftex.def
File: l3backend-pdftex.def 2025-10-09 L3 backend support: PDF output (pdfTeX)
\l__color_backend_stack_int=\count359
) (./manuscript.aux)
\openout1 = `manuscript.aux'.

LaTeX Font Info:    Checking defaults for OML/cmm/m/it on input line 92.
LaTeX Font Info:    ... okay on input line 92.
LaTeX Font Info:    Checking defaults for OMS/cmsy/m/n on input line 92.
LaTeX Font Info:    ... okay on input line 92.
LaTeX Font Info:    Checking defaults for OT1/cmr/m/n on input line 92.
LaTeX Font Info:    ... okay on input line 92.
LaTeX Font Info:    Checking defaults for T1/cmr/m/n on input line 92.
LaTeX Font Info:    ... okay on input line 92.
LaTeX Font Info:    Checking defaults for TS1/cmr/m/n on input line 92.
LaTeX Font Info:    ... okay on input line 92.
LaTeX Font Info:    Checking defaults for OMX/cmex/m/n on input line 92.
LaTeX Font Info:    ... okay on input line 92.
LaTeX Font Info:    Checking defaults for U/cmr/m/n on input line 92.
LaTeX Font Info:    ... okay on input line 92.
LaTeX Font Info:    Checking defaults for PD1/pdf/m/n on input line 92.
LaTeX Font Info:    ... okay on input line 92.
LaTeX Font Info:    Checking defaults for PU/pdf/m/n on input line 92.
LaTeX Font Info:    ... okay on input line 92.

*geometry* driver: auto-detecting
*geometry* detected driver: pdftex
*geometry* verbose mode - [ preamble ] result:
* driver: pdftex
* paper: a4paper
* layout: <same size as paper>
* layoutoffset:(h,v)=(0.0pt,0.0pt)
* modes: twoside 
* h-part:(L,W,R)=(99.58464pt, 441.01773pt, 56.9055pt)
* v-part:(T,H,B)=(71.13188pt, 702.78308pt, 71.13188pt)
* \paperwidth=597.50787pt
* \paperheight=845.04684pt
* \textwidth=441.01773pt
* \textheight=702.78308pt
* \oddsidemargin=27.31465pt
* \evensidemargin=-15.36449pt
* \topmargin=-33.0119pt
* \headheight=12.0pt
* \headsep=19.8738pt
* \topskip=12.0pt
* \footskip=30.0pt
* \marginparwidth=98.0pt
* \marginparsep=7.0pt
* \columnsep=10.0pt
* \skip\footins=10.8pt plus 4.0pt minus 2.0pt
* \hoffset=0.0pt
* \voffset=0.0pt
* \mag=1000
* \@twocolumnfalse
* \@twosidetrue
* \@mparswitchtrue
* \@reversemarginfalse
* (1in=72.27pt=25.4mm, 1cm=28.453pt)

LaTeX Info: Redefining \microtypecontext on input line 92.
Package microtype Info: Applying patch `item' on input line 92.
Package microtype Info: Applying patch `toc' on input line 92.
Package microtype Info: Applying patch `eqnum' on input line 92.
Package microtype Info: Applying patch `footnote' on input line 92.
Package microtype Info: Applying patch `verbatim' on input line 92.
LaTeX Info: Redefining \microtypesetup on input line 92.
Package microtype Info: Generating PDF output.
Package microtype Info: Character protrusion enabled (level 2).
Package microtype Info: Using default protrusion set `alltext'.
Package microtype Info: Automatic font expansion enabled (level 2),
(microtype)             stretch: 20, shrink: 20, step: 1, non-selected.
Package microtype Info: Using default expansion set `alltext-nott'.
Package microtype Info: Patching command `\showhyphens'.
Package microtype Info: No adjustment of tracking.
Package microtype Info: No adjustment of interword spacing.
Package microtype Info: No adjustment of character kerning.
(c:/texlive/2025/texmf-dist/tex/latex/microtype/mt-cmr.cfg
File: mt-cmr.cfg 2013/05/19 v2.2 microtype config. file: Computer Modern Roman (RS)
) (c:/texlive/2025/texmf-dist/tex/context/base/mkii/supp-pdf.mkii
[Loading MPS to PDF converter (version 2006.09.02).]
\scratchcounter=\count360
\scratchdimen=\dimen310
\scratchbox=\box77
\nofMPsegments=\count361
\nofMParguments=\count362
\everyMPshowfont=\toks46
\MPscratchCnt=\count363
\MPscratchDim=\dimen311
\MPnumerator=\count364
\makeMPintoPDFobject=\count365
\everyMPtoPDFconversion=\toks47
) (c:/texlive/2025/texmf-dist/tex/latex/epstopdf-pkg/epstopdf-base.sty
Package: epstopdf-base 2020-01-24 v2.11 Base part for package epstopdf
 (c:/texlive/2025/texmf-dist/tex/latex/grfext/grfext.sty
Package: grfext 2019/12/03 v1.3 Manage graphics extensions (HO)
)
Package epstopdf-base Info: Redefining graphics rule for `.eps' on input line 485.
Package grfext Info: Graphics extension search list:
(grfext)             [.pdf,.png,.jpg,.mps,.jpeg,.jbig2,.jb2,.PDF,.PNG,.JPG,.JPEG,.JBIG2,.JB2,.eps]
(grfext)             \AppendGraphicsExtensions on input line 504.
 (c:/texlive/2025/texmf-dist/tex/latex/latexconfig/epstopdf-sys.cfg
File: epstopdf-sys.cfg 2010/07/13 v1.3 Configuration of (r)epstopdf for TeX Live
))
Package caption Info: Begin \AtBeginDocument code.
Package caption Info: hyperref package is loaded.
Package caption Info: End \AtBeginDocument code.
Package hyperref Info: Link coloring OFF on input line 92.
 (./manuscript.out) (./manuscript.out)
\@outlinefile=\write4
\openout4 = `manuscript.out'.

\c@maskedRefs=\count366
 (c:/texlive/2025/texmf-dist/tex/latex/apacite/english.apc
File: english.apc 2013/07/21 v6.03 apacite language file
LaTeX Info: Redefining \BPBI on input line 129.
LaTeX Info: Redefining \BHBI on input line 130.
)
Package csquotes Info: Making character " active on input line 92.
<figures/usc_logo.png, id=626, 323.2075pt x 311.1625pt>
File: figures/usc_logo.png Graphic file (type png)
<use figures/usc_logo.png>
Package pdftex.def Info: figures/usc_logo.png  used on input line 102.
(pdftex.def)             Requested size: 76.84148pt x 73.97733pt.
<figures/usc_soe_symbol.png, id=627, 448.67625pt x 448.67625pt>
File: figures/usc_soe_symbol.png Graphic file (type png)
<use figures/usc_soe_symbol.png>
Package pdftex.def Info: figures/usc_soe_symbol.png  used on input line 103.
(pdftex.def)             Requested size: 73.97362pt x 73.97733pt.
Package microtype Info: Character `029' is missing
(microtype)             in font `T1/lmr/m/sc/12'.
(microtype)             Ignoring protrusion settings for this character.
Package microtype Info: Character `029' is missing
(microtype)             in font `T1/lmr/m/sc/14.4'.
(microtype)             Ignoring protrusion settings for this character.
Package microtype Info: Character `029' is missing
(microtype)             in font `T1/lmr/m/sc/20.74'.
(microtype)             Ignoring protrusion settings for this character.
 [1


{c:/texlive/2025/texmf-var/fonts/map/pdftex/updmap/pdftex.map}{c:/texlive/2025/texmf-dist/fonts/enc/dvips/lm/lm-ec.enc} <./figures/usc_logo.png> <./figures/usc_soe_symbol.png>] [2

]
File: figures/usc_logo.png Graphic file (type png)
<use figures/usc_logo.png>
Package pdftex.def Info: figures/usc_logo.png  used on input line 128.
(pdftex.def)             Requested size: 88.66287pt x 85.35826pt.
File: figures/usc_soe_symbol.png Graphic file (type png)
<use figures/usc_soe_symbol.png>
Package pdftex.def Info: figures/usc_soe_symbol.png  used on input line 129.
(pdftex.def)             Requested size: 85.35207pt x 85.35826pt.
LaTeX Font Info:    Trying to load font information for OT1+lmr on input line 146.
 (c:/texlive/2025/texmf-dist/tex/latex/lm/ot1lmr.fd
File: ot1lmr.fd 2015/05/01 v1.6.1 Font defs for Latin Modern
)
LaTeX Font Info:    Trying to load font information for OML+lmm on input line 146.
 (c:/texlive/2025/texmf-dist/tex/latex/lm/omllmm.fd
File: omllmm.fd 2015/05/01 v1.6.1 Font defs for Latin Modern
)
LaTeX Font Info:    Trying to load font information for OMS+lmsy on input line 146.
 (c:/texlive/2025/texmf-dist/tex/latex/lm/omslmsy.fd
File: omslmsy.fd 2015/05/01 v1.6.1 Font defs for Latin Modern
)
LaTeX Font Info:    Trying to load font information for OMX+lmex on input line 146.
 (c:/texlive/2025/texmf-dist/tex/latex/lm/omxlmex.fd
File: omxlmex.fd 2015/05/01 v1.6.1 Font defs for Latin Modern
)
LaTeX Font Info:    External font `lmex10' loaded for size
(Font)              <12> on input line 146.
LaTeX Font Info:    External font `lmex10' loaded for size
(Font)              <8> on input line 146.
LaTeX Font Info:    External font `lmex10' loaded for size
(Font)              <6> on input line 146.
LaTeX Font Info:    Trying to load font information for U+msa on input line 146.
 (c:/texlive/2025/texmf-dist/tex/latex/amsfonts/umsa.fd
File: umsa.fd 2013/01/14 v3.01 AMS symbols A
) (c:/texlive/2025/texmf-dist/tex/latex/microtype/mt-msa.cfg
File: mt-msa.cfg 2006/02/04 v1.1 microtype config. file: AMS symbols (a) (RS)
)
LaTeX Font Info:    Trying to load font information for U+msb on input line 146.
 (c:/texlive/2025/texmf-dist/tex/latex/amsfonts/umsb.fd
File: umsb.fd 2013/01/14 v3.01 AMS symbols B
) (c:/texlive/2025/texmf-dist/tex/latex/microtype/mt-msb.cfg
File: mt-msb.cfg 2005/06/01 v1.0 microtype config. file: AMS symbols (b) (RS)
) [3] [4

] [5] [6] [7


] [8

] (./manuscript.toc [9

] [10] [11] [12])
\tf@toc=\write5
\openout5 = `manuscript.toc'.

 [13] [14

] (./manuscript.lof
Underfull \vbox (badness 10000) has occurred while \output is active []

 [15

{c:/texlive/2025/texmf-dist/fonts/enc/dvips/lm/lm-mathit.enc}{c:/texlive/2025/texmf-dist/fonts/enc/dvips/lm/lm-rm.enc}] [16{c:/texlive/2025/texmf-dist/fonts/enc/dvips/lm/lm-mathsy.enc}] [17]
Underfull \vbox (badness 10000) has occurred while \output is active []

 [18])
\tf@lof=\write6
\openout6 = `manuscript.lof'.

 [19] [20

] (./manuscript.lot [21

] [22])
\tf@lot=\write7
\openout7 = `manuscript.lot'.

 [23] [24

] (./manuscript.loe [25

] [26] [27] [28] [29] [30] [31] [32])
\tf@loe=\write8
\openout8 = `manuscript.loe'.

 [33] [34

] [35

{c:/texlive/2025/texmf-dist/fonts/enc/dvips/lm/lm-mathex.enc}] [36] (./chapters/01_research_problem.tex
Chapter 1.
[1


]
Underfull \vbox (badness 10000) has occurred while \output is active []

 [2] [3] [4] [5] [6] [7] [8]
Underfull \vbox (badness 10000) has occurred while \output is active []

 [9] [10]
LaTeX Font Info:    External font `lmex10' loaded for size
(Font)              <10.95> on input line 142.

Underfull \hbox (badness 2837) in paragraph at lines 146--147
[]|\T1/lmr/m/n/10.95 (+20) Held-out com-po-nent and
 []


Underfull \hbox (badness 2478) in paragraph at lines 147--147
\T1/lmr/m/n/10.95 (+20) lish mass con-ser-va-tion
 []


Underfull \hbox (badness 10000) in paragraph at lines 147--147
[]|\T1/lmr/m/n/10.95 (+20) Common pro-jec-tion with
 []


Underfull \hbox (badness 7504) in paragraph at lines 147--147
\T1/lmr/m/n/10.95 (+20) paired raw and pro-jected
 []


Underfull \hbox (badness 1831) in paragraph at lines 147--148
\T1/lmr/m/n/10.95 (+20) tra-tion checks, er-ror dif-
 []


Underfull \hbox (badness 1142) in paragraph at lines 148--149
[]|\T1/lmr/m/n/10.95 (+20) Named co-ef-fi-cient groups,
 []


Underfull \hbox (badness 1960) in paragraph at lines 148--149
\T1/lmr/m/n/10.95 (+20) full re-sponse sen-si-tiv-i-ties,
 []


Underfull \hbox (badness 3396) in paragraph at lines 149--149
[]|\T1/lmr/m/n/10.95 (+20) Joint plant pro-jec-tion and
 []


Underfull \hbox (badness 5091) in paragraph at lines 149--150
\T1/lmr/m/n/10.95 (+20) com-mon ref-er-ence ob-jec-
 []

[11] (./figures/ch1_concept_research_logic.tex) [12] [13]) (./chapters/02_integrated_literature.tex [14]
Chapter 2.
[15

] [16] [17] [18] [19]
LaTeX Font Info:    External font `lmex10' loaded for size
(Font)              <10> on input line 72.
LaTeX Font Info:    External font `lmex10' loaded for size
(Font)              <7> on input line 72.
LaTeX Font Info:    External font `lmex10' loaded for size
(Font)              <5> on input line 72.
 [20]
Underfull \vbox (badness 1442) has occurred while \output is active []

 [21] [22] [23] (./figures/ch2_concept_enforcement_locations.tex)
Underfull \vbox (badness 6300) has occurred while \output is active []

 [24] [25] [26] [27] [28]
Underfull \vbox (badness 10000) has occurred while \output is active []

 [29] [30] [31] (./figures/ch2_concept_intersecting_gaps.tex)) (./chapters/03_reactor_foundations.tex [32] [33] [34

]
Chapter 3.
[35] [36]
Package hyperref Info: bookmark level for unknown equation defaults to 0 on input line 46.

Underfull \hbox (badness 10000) in paragraph at lines 72--72
[]|\T1/lmr/m/n/8 (+20) Phosphate-accumulating
 []

[37] [38] [39] [40] (./figures/ch3_concept_reaction_accounting.tex) [41] [42] [43] [44] [45] [46] [47] [48] [49] [50]
<figures/ch3_concept_feasible_triangle.pdf, id=2774, 491.75053pt x 321.53714pt>
File: figures/ch3_concept_feasible_triangle.pdf Graphic file (type pdf)
<use figures/ch3_concept_feasible_triangle.pdf>
Package pdftex.def Info: figures/ch3_concept_feasible_triangle.pdf  used on input line 458.
(pdftex.def)             Requested size: 410.14325pt x 268.19063pt.
 [51] [52 <./figures/ch3_concept_feasible_triangle.pdf>] [53] [54]
Underfull \hbox (badness 10000) in paragraph at lines 559--560
[]|\T1/lmr/m/n/10.95 (+20) Substrate, nu-tri-ents,
 []


Underfull \hbox (badness 10000) in paragraph at lines 559--560
\T1/lmr/m/n/10.95 (+20) biomass, and solids
 []


Underfull \hbox (badness 10000) in paragraph at lines 560--561
[]|\T1/lmr/m/n/10.95 (+20) Conserved in-ven-to-ries
 []


Underfull \hbox (badness 5533) in paragraph at lines 563--564
\T1/lmr/m/n/10.95 (+20) gi-neer-ing re-quire-ments,
 []

) (./chapters/04_prediction_projection.tex [55] [56]
Chapter 4.
[57

] [58] [59] [60] [61] [62] [63] [64]
<figures/ch4_concept_weighted_projection.pdf, id=2964, 359.10866pt x 368.94395pt>
File: figures/ch4_concept_weighted_projection.pdf Graphic file (type pdf)
<use figures/ch4_concept_weighted_projection.pdf>
Package pdftex.def Info: figures/ch4_concept_weighted_projection.pdf  used on input line 187.
(pdftex.def)             Requested size: 348.40103pt x 357.95401pt.
 [65] [66 <./figures/ch4_concept_weighted_projection.pdf>] [67] [68] [69] (./figures/ch4_concept_projection_flow.tex)
Underfull \vbox (badness 3872) has occurred while \output is active []

 [70]
Underfull \hbox (badness 10000) in paragraph at lines 349--349
[]|\T1/lmr/m/n/10.95 (+20) Influent ammonia-oxidizing
 []

[71] [72] [73]
Underfull \hbox (badness 3884) in paragraph at lines 400--400
[]|\T1/lmr/m/n/10.95 (+20) XGBoost, Light-GBM, Cat-
 []


Underfull \hbox (badness 10000) in paragraph at lines 400--400
[]|\T1/lmr/m/n/10.95 (+20) Separate com-po-
 []


Underfull \hbox (badness 10000) in paragraph at lines 401--401
[]|\T1/lmr/m/n/10.95 (+20) Separate com-po-
 []


Underfull \hbox (badness 10000) in paragraph at lines 404--404
[]|\T1/lmr/m/n/10.95 (+20) Separate com-po-
 []


Underfull \hbox (badness 10000) in paragraph at lines 406--406
[]|\T1/lmr/m/n/10.95 (+20) Joint co-ef-fi-cient
 []

[74]
Underfull \hbox (badness 10000) in paragraph at lines 446--446
[]|\T1/lmr/m/n/10.95 (+20) Partial least
 []


Underfull \hbox (badness 10000) in paragraph at lines 448--448
[]|\T1/lmr/m/n/10.95 (+20) Multi-task
 []

[75] [76] [77] [78]
Underfull \vbox (badness 2762) has occurred while \output is active []

 [79] [80] [81] [82] [83]
Underfull \vbox (badness 1019) has occurred while \output is active []

 [84] [85]
<figures/results/ch4/q01_prediction_accuracy.png, id=3101, 1004.553pt x 505.4082pt>
File: figures/results/ch4/q01_prediction_accuracy.png Graphic file (type png)
<use figures/results/ch4/q01_prediction_accuracy.png>
Package pdftex.def Info: figures/results/ch4/q01_prediction_accuracy.png  used on input line 692.
(pdftex.def)             Requested size: 441.01773pt x 221.88672pt.
<figures/results/ch4/q02_learning_curves.png, id=3104, 860.013pt x 653.3208pt>
File: figures/results/ch4/q02_learning_curves.png Graphic file (type png)
<use figures/results/ch4/q02_learning_curves.png>
Package pdftex.def Info: figures/results/ch4/q02_learning_curves.png  used on input line 703.
(pdftex.def)             Requested size: 441.01773pt x 335.02347pt.
<figures/results/ch4/q03_projection_effect.png, id=3106, 858.8085pt x 472.6458pt>
File: figures/results/ch4/q03_projection_effect.png Graphic file (type png)
<use figures/results/ch4/q03_projection_effect.png>
Package pdftex.def Info: figures/results/ch4/q03_projection_effect.png  used on input line 716.
(pdftex.def)             Requested size: 441.01773pt x 242.71935pt.
 [86 <./figures/results/ch4/q01_prediction_accuracy.png>] [87 <./figures/results/ch4/q02_learning_curves.png>]
<figures/results/ch4/q04_physical_compliance.png, id=3119, 1020.9342pt x 508.7808pt>
File: figures/results/ch4/q04_physical_compliance.png Graphic file (type png)
<use figures/results/ch4/q04_physical_compliance.png>
Package pdftex.def Info: figures/results/ch4/q04_physical_compliance.png  used on input line 756.
(pdftex.def)             Requested size: 441.01773pt x 219.78072pt.
 [88 <./figures/results/ch4/q03_projection_effect.png>] [89 <./figures/results/ch4/q04_physical_compliance.png>]
<figures/results/ch4/q05_component_error_change.png, id=3131, 1002.8667pt x 508.7808pt>
File: figures/results/ch4/q05_component_error_change.png Graphic file (type png)
<use figures/results/ch4/q05_component_error_change.png>
Package pdftex.def Info: figures/results/ch4/q05_component_error_change.png  used on input line 767.
(pdftex.def)             Requested size: 441.01773pt x 223.74002pt.
<figures/results/ch4/q06_composite_error_change.png, id=3133, 1004.553pt x 505.4082pt>
File: figures/results/ch4/q06_composite_error_change.png Graphic file (type png)
<use figures/results/ch4/q06_composite_error_change.png>
Package pdftex.def Info: figures/results/ch4/q06_composite_error_change.png  used on input line 778.
(pdftex.def)             Requested size: 441.01773pt x 221.88672pt.
 [90 <./figures/results/ch4/q05_component_error_change.png>]
<figures/results/ch4/q07_exterior_accuracy.png, id=3141, 883.1394pt x 505.4082pt>
File: figures/results/ch4/q07_exterior_accuracy.png Graphic file (type png)
<use figures/results/ch4/q07_exterior_accuracy.png>
Package pdftex.def Info: figures/results/ch4/q07_exterior_accuracy.png  used on input line 819.
(pdftex.def)             Requested size: 441.01773pt x 252.38728pt.
 [91 <./figures/results/ch4/q06_composite_error_change.png>] [92 <./figures/results/ch4/q07_exterior_accuracy.png>]
<figures/results/ch4/q08_computational_cost.png, id=3155, 932.283pt x 505.4082pt>
File: figures/results/ch4/q08_computational_cost.png Graphic file (type png)
<use figures/results/ch4/q08_computational_cost.png>
Package pdftex.def Info: figures/results/ch4/q08_computational_cost.png  used on input line 834.
(pdftex.def)             Requested size: 441.01773pt x 239.08426pt.

Underfull \hbox (badness 1117) in paragraph at lines 854--854
[]|\T1/lmr/m/n/10 (+20) Support vec-tor re-gres-
 []

[93 <./figures/results/ch4/q08_computational_cost.png>] [94] [95]) (./chapters/05_interpretable_surrogate.tex [96]
Chapter 5.

Underfull \vbox (badness 1383) has occurred while \output is active []

 [97

] [98] [99]
Underfull \vbox (badness 1308) has occurred while \output is active []

 [100] [101] [102] [103] [104] [105] [106] [107] [108]
Underfull \vbox (badness 1102) has occurred while \output is active []

 [109] (./figures/ch5_concept_training_cycle.tex) [110] [111] [112] [113] [114] [115] (./figures/ch5_concept_checked_deployment.tex) [116] [117] (./figures/ch5_concept_prediction_chain.tex) [118] [119] [120] [121] [122] [123]
<figures/ch7_concept_branch_sensitivity.pdf, id=3392, 536.00201pt x 254.14902pt>
File: figures/ch7_concept_branch_sensitivity.pdf Graphic file (type pdf)
<use figures/ch7_concept_branch_sensitivity.pdf>
Package pdftex.def Info: figures/ch7_concept_branch_sensitivity.pdf  used on input line 885.
(pdftex.def)             Requested size: 441.01773pt x 209.10933pt.
 [124 <./figures/ch7_concept_branch_sensitivity.pdf>] [125]
Underfull \hbox (badness 7151) in paragraph at lines 925--925
[]|$\OML/lmm/m/it/10.95 k$\T1/lmr/m/n/10.95 (+20) -nearest neigh-
 []


Underfull \hbox (badness 10000) in paragraph at lines 926--926
[]|\T1/lmr/m/n/10.95 (+20) Partial least
 []

[126] [127] [128] [129] [130]
<figures/results/ch5/q01_fixed_split_accuracy.png, id=3490, 932.283pt x 472.6458pt>
File: figures/results/ch5/q01_fixed_split_accuracy.png Graphic file (type png)
<use figures/results/ch5/q01_fixed_split_accuracy.png>
Package pdftex.def Info: figures/results/ch5/q01_fixed_split_accuracy.png  used on input line 1089.
(pdftex.def)             Requested size: 441.01773pt x 223.58595pt.
 [131]
<figures/results/ch5/q02_composite_accuracy.png, id=3497, 860.013pt x 725.5908pt>
File: figures/results/ch5/q02_composite_accuracy.png Graphic file (type png)
<use figures/results/ch5/q02_composite_accuracy.png>
Package pdftex.def Info: figures/results/ch5/q02_composite_accuracy.png  used on input line 1122.
(pdftex.def)             Requested size: 441.01773pt x 372.08359pt.
 [132 <./figures/results/ch5/q01_fixed_split_accuracy.png>] [133 <./figures/results/ch5/q02_composite_accuracy.png>]
<figures/results/ch5/q03_sample_efficiency.png, id=3510, 941.4372pt x 472.6458pt>
File: figures/results/ch5/q03_sample_efficiency.png Graphic file (type png)
<use figures/results/ch5/q03_sample_efficiency.png>
Package pdftex.def Info: figures/results/ch5/q03_sample_efficiency.png  used on input line 1161.
(pdftex.def)             Requested size: 441.01773pt x 221.41515pt.
<figures/results/ch5/q04_data_budget_comparison.png, id=3512, 643.203pt x 288.5982pt>
File: figures/results/ch5/q04_data_budget_comparison.png Graphic file (type png)
<use figures/results/ch5/q04_data_budget_comparison.png>
Package pdftex.def Info: figures/results/ch5/q04_data_budget_comparison.png  used on input line 1170.
(pdftex.def)             Requested size: 441.01773pt x 197.88232pt.
 [134] [135 <./figures/results/ch5/q03_sample_efficiency.png> <./figures/results/ch5/q04_data_budget_comparison.png>]
<figures/results/ch5/q05_physical_deployment.png, id=3525, 1024.7886pt x 469.2732pt>
File: figures/results/ch5/q05_physical_deployment.png Graphic file (type png)
<use figures/results/ch5/q05_physical_deployment.png>
Package pdftex.def Info: figures/results/ch5/q05_physical_deployment.png  used on input line 1207.
(pdftex.def)             Requested size: 441.01773pt x 201.94823pt.
 [136]
<figures/results/ch5/q06_fitting_effort.png, id=3531, 919.5153pt x 400.3758pt>
File: figures/results/ch5/q06_fitting_effort.png Graphic file (type png)
<use figures/results/ch5/q06_fitting_effort.png>
Package pdftex.def Info: figures/results/ch5/q06_fitting_effort.png  used on input line 1224.
(pdftex.def)             Requested size: 441.01773pt x 192.02545pt.
 [137 <./figures/results/ch5/q05_physical_deployment.png>] [138 <./figures/results/ch5/q06_fitting_effort.png>]
<figures/results/ch5/q07_coefficient_structure.png, id=3544, 860.013pt x 397.0032pt>
File: figures/results/ch5/q07_coefficient_structure.png Graphic file (type png)
<use figures/results/ch5/q07_coefficient_structure.png>
Package pdftex.def Info: figures/results/ch5/q07_coefficient_structure.png  used on input line 1261.
(pdftex.def)             Requested size: 441.01773pt x 203.58357pt.
 [139 <./figures/results/ch5/q07_coefficient_structure.png>] [140]) (./chapters/06_connected_plant.tex [141] [142

]
Chapter 6.
[143] [144] [145] [146] [147] [148] [149] [150] [151] [152] [153]
<figures/ch6_concept_inventory_envelope.pdf, id=3690, 440.84702pt x 274.626pt>
File: figures/ch6_concept_inventory_envelope.pdf Graphic file (type pdf)
<use figures/ch6_concept_inventory_envelope.pdf>
Package pdftex.def Info: figures/ch6_concept_inventory_envelope.pdf  used on input line 415.
(pdftex.def)             Requested size: 441.01773pt x 274.73007pt.
 [154 <./figures/ch6_concept_inventory_envelope.pdf>] [155] [156] [157] [158] [159]
Underfull \vbox (badness 10000) has occurred while \output is active []

 [160] [161] [162] [163] [164] [165] [166] [167] [168] [169] [170] [171] [172] [173]
Underfull \vbox (badness 6808) has occurred while \output is active []

 [174] [175] [176] [177] [178] [179] [180] [181]
Underfull \hbox (badness 4001) in paragraph at lines 1520--1521
[]|\T1/lmr/m/n/10.95 (+20) g sub-strate COD per g
 []

[182] [183] [184] [185] [186] [187] [188] [189] [190]
Underfull \vbox (badness 3612) has occurred while \output is active []

 [191] [192] [193] [194] [195] [196]
Underfull \vbox (badness 8132) has occurred while \output is active []

 [197] [198] [199] [200] [201] [202] [203] [204]
<compile/optimization/results/figures/q01_holdout_accuracy_overview.png, id=4104, 923.55037pt x 715.473pt>
File: compile/optimization/results/figures/q01_holdout_accuracy_overview.png Graphic file (type png)
<use compile/optimization/results/figures/q01_holdout_accuracy_overview.png>
Package pdftex.def Info: compile/optimization/results/figures/q01_holdout_accuracy_overview.png  used on input line 2152.
(pdftex.def)             Requested size: 441.0162pt x 341.65456pt.
<compile/optimization/results/figures/q02_holdout_accuracy_by_location.png, id=4106, 1039.18237pt x 316.7835pt>
File: compile/optimization/results/figures/q02_holdout_accuracy_by_location.png Graphic file (type png)
<use compile/optimization/results/figures/q02_holdout_accuracy_by_location.png>
Package pdftex.def Info: compile/optimization/results/figures/q02_holdout_accuracy_by_location.png  used on input line 2163.
(pdftex.def)             Requested size: 441.01773pt x 134.44026pt.
<compile/optimization/results/figures/q03_holdout_parity_all_locations.png, id=4108, 775.99913pt x 611.58487pt>
File: compile/optimization/results/figures/q03_holdout_parity_all_locations.png Graphic file (type png)
<use compile/optimization/results/figures/q03_holdout_parity_all_locations.png>
Package pdftex.def Info: compile/optimization/results/figures/q03_holdout_parity_all_locations.png  used on input line 2174.
(pdftex.def)             Requested size: 441.03346pt x 347.5898pt.
 [205] [206 <./compile/optimization/results/figures/q01_holdout_accuracy_overview.png> <./compile/optimization/results/figures/q02_holdout_accuracy_by_location.png>] [207 <./compile/optimization/results/figures/q03_holdout_parity_all_locations.png>] [208]
<compile/optimization/results/figures/q04_effluent_and_removal_parity.png, id=4131, 1370.721pt x 661.57162pt>
File: compile/optimization/results/figures/q04_effluent_and_removal_parity.png Graphic file (type png)
<use compile/optimization/results/figures/q04_effluent_and_removal_parity.png>
Package pdftex.def Info: compile/optimization/results/figures/q04_effluent_and_removal_parity.png  used on input line 2219.
(pdftex.def)             Requested size: 441.01773pt x 212.85805pt.
 [209 <./compile/optimization/results/figures/q04_effluent_and_removal_parity.png>]
<compile/optimization/results/figures/q05_effluent_and_operating_values.png, id=4138, 1402.94138pt x 863.92763pt>
File: compile/optimization/results/figures/q05_effluent_and_operating_values.png Graphic file (type png)
<use compile/optimization/results/figures/q05_effluent_and_operating_values.png>
Package pdftex.def Info: compile/optimization/results/figures/q05_effluent_and_operating_values.png  used on input line 2238.
(pdftex.def)             Requested size: 441.00836pt x 271.5718pt.
 [210 <./compile/optimization/results/figures/q05_effluent_and_operating_values.png>]
<compile/optimization/results/figures/q06_treatment_train_profiles.png, id=4145, 931.37962pt x 942.52126pt>
File: compile/optimization/results/figures/q06_treatment_train_profiles.png Graphic file (type png)
<use compile/optimization/results/figures/q06_treatment_train_profiles.png>
Package pdftex.def Info: compile/optimization/results/figures/q06_treatment_train_profiles.png  used on input line 2253.
(pdftex.def)             Requested size: 441.01717pt x 446.29285pt.
<compile/optimization/results/figures/q07_objective_quality_economic.png, id=4149, 1656.48863pt x 423.38174pt>
File: compile/optimization/results/figures/q07_objective_quality_economic.png Graphic file (type png)
<use compile/optimization/results/figures/q07_objective_quality_economic.png>
Package pdftex.def Info: compile/optimization/results/figures/q07_objective_quality_economic.png  used on input line 2272.
(pdftex.def)             Requested size: 441.01773pt x 112.7189pt.

Underfull \vbox (badness 1577) has occurred while \output is active []

 [211] [212 <./compile/optimization/results/figures/q06_treatment_train_profiles.png>]
<compile/optimization/results/figures/q08_optimization_time.png, id=4163, 861.81975pt x 392.36588pt>
File: compile/optimization/results/figures/q08_optimization_time.png Graphic file (type png)
<use compile/optimization/results/figures/q08_optimization_time.png>
Package pdftex.def Info: compile/optimization/results/figures/q08_optimization_time.png  used on input line 2287.
(pdftex.def)             Requested size: 441.01773pt x 200.78047pt.
 [213 <./compile/optimization/results/figures/q07_objective_quality_economic.png>] [214 <./compile/optimization/results/figures/q08_optimization_time.png>]) (./chapters/07_conclusion_outlook.tex [215] [216]
Chapter 7.
[217

] [218] [219]
Underfull \hbox (badness 1454) in paragraph at lines 57--58
\T1/lmr/m/n/10.95 (+20) ad-just-ments for the in-
 []


Underfull \hbox (badness 10000) in paragraph at lines 59--59
[]|\T1/lmr/m/n/10.95 (+20) Structured de-ploy-
 []


Underfull \hbox (badness 10000) in paragraph at lines 60--61
[]|\T1/lmr/m/n/10.95 (+20) Reconcile pre-dic-tions
 []


Underfull \hbox (badness 7558) in paragraph at lines 60--61
\T1/lmr/m/n/10.95 (+20) across bi-o-log-i-cal treat-
 []


Underfull \hbox (badness 6691) in paragraph at lines 61--61
[]|\T1/lmr/m/n/10.95 (+20) Operating com-par-i-
 []

[220] [221]
Underfull \vbox (badness 1874) has occurred while \output is active []

 [222] [223]) [224] [225] [226

] (./manuscript.bbl
LaTeX Font Info:    Trying to load font information for T1+lmtt on input line 90.
 (c:/texlive/2025/texmf-dist/tex/latex/lm/t1lmtt.fd
File: t1lmtt.fd 2015/05/01 v1.6.1 Font defs for Latin Modern
)
Package microtype Info: Loading generic protrusion settings for font family
(microtype)             `lmtt' (encoding: T1).
(microtype)             For optimal results, create family-specific settings.
(microtype)             See the microtype manual for details.

Underfull \hbox (badness 4266) in paragraph at lines 238--255
[]\T1/lmr/m/n/12 (+20) Bergstra, J., Bar-denet, R., Ben-gio, Y., & Kégl, B.  (2011).  Al-go-
 []


Underfull \hbox (badness 1194) in paragraph at lines 238--255
\T1/lmr/m/n/12 (+20) rithms for hyper-parameter op-ti-miza-tion.  In \T1/lmr/m/it/12 (+20) Ad-vances in neu-ral in-for-
 []


Underfull \vbox (badness 10000) has occurred while \output is active []

 [227

]
Underfull \vbox (badness 10000) has occurred while \output is active []

 [228]
Underfull \hbox (badness 1072) in paragraph at lines 870--884
\T1/lmtt/m/n/12 .edu / document [] ?doi = 6d8226a52ebc70c8d97ccae10a74e1b0a3908ec1&repid =
 []


Underfull \vbox (badness 10000) has occurred while \output is active []

 [229]
Underfull \vbox (badness 10000) has occurred while \output is active []

 [230]
Underfull \vbox (badness 10000) has occurred while \output is active []

 [231]
Underfull \vbox (badness 10000) has occurred while \output is active []

 [232]
Underfull \vbox (badness 10000) has occurred while \output is active []

 [233]
Underfull \vbox (badness 10000) has occurred while \output is active []

 [234]
Underfull \vbox (badness 10000) has occurred while \output is active []

 [235]
Underfull \vbox (badness 10000) has occurred while \output is active []

 [236]
Underfull \vbox (badness 10000) has occurred while \output is active []

 [237]
Underfull \vbox (badness 10000) has occurred while \output is active []

 [238]) [239] (./manuscript.aux)
 ***********
LaTeX2e <2025-11-01>
L3 programming layer <2025-12-29>
 ***********
Package rerunfilecheck Info: File `manuscript.out' has not changed.
(rerunfilecheck)             Checksum: B56D8CFCD11FDED3C248CDA9BF257736;40295.
 ) 
Here is how much of TeX's memory you used:
 34517 strings out of 467538
 652208 string characters out of 5423719
 1169568 words of memory out of 5000000
 61324 multiletter control sequences out of 15000+600000
 760494 words of font info for 360 fonts, out of 8000000 for 9000
 1141 hyphenation exceptions out of 8191
 84i,23n,104p,2161b,945s stack positions out of 10000i,1000n,20000p,200000b,200000s
<c:/texlive/2025/texmf-dist/fonts/type1/public/lm/lmbx10.pfb><c:/texlive/2025/texmf-dist/fonts/type1/public/lm/lmbx12.pfb><c:/texlive/2025/texmf-dist/fonts/type1/public/lm/lmcsc10.pfb><c:/texlive/2025/texmf-dist/fonts/type1/public/lm/lmex10.pfb><c:/texlive/2025/texmf-dist/fonts/type1/public/lm/lmmi10.pfb><c:/texlive/2025/texmf-dist/fonts/type1/public/lm/lmmi12.pfb><c:/texlive/2025/texmf-dist/fonts/type1/public/lm/lmmi6.pfb><c:/texlive/2025/texmf-dist/fonts/type1/public/lm/lmmi7.pfb><c:/texlive/2025/texmf-dist/fonts/type1/public/lm/lmmi8.pfb><c:/texlive/2025/texmf-dist/fonts/type1/public/lm/lmmib10.pfb><c:/texlive/2025/texmf-dist/fonts/type1/public/lm/lmr10.pfb><c:/texlive/2025/texmf-dist/fonts/type1/public/lm/lmr12.pfb><c:/texlive/2025/texmf-dist/fonts/type1/public/lm/lmr6.pfb><c:/texlive/2025/texmf-dist/fonts/type1/public/lm/lmr7.pfb><c:/texlive/2025/texmf-dist/fonts/type1/public/lm/lmr8.pfb><c:/texlive/2025/texmf-dist/fonts/type1/public/lm/lmri12.pfb><c:/texlive/2025/texmf-dist/fonts/type1/public/lm/lmro12.pfb><c:/texlive/2025/texmf-dist/fonts/type1/public/lm/lmsy10.pfb><c:/texlive/2025/texmf-dist/fonts/type1/public/lm/lmsy6.pfb><c:/texlive/2025/texmf-dist/fonts/type1/public/lm/lmsy7.pfb><c:/texlive/2025/texmf-dist/fonts/type1/public/lm/lmsy8.pfb><c:/texlive/2025/texmf-dist/fonts/type1/public/lm/lmtt12.pfb><c:/texlive/2025/texmf-dist/fonts/type1/public/amsfonts/symbols/msbm10.pfb>
Output written on manuscript.pdf (275 pages, 8480072 bytes).
PDF statistics:
 4686 PDF objects out of 5155 (max. 8388607)
 4231 compressed objects within 43 object streams
 1055 named destinations out of 1200 (max. 500000)
 68462 words of extra memory for PDF output out of 74296 (max. 10000000)

